Component: ARM Compiler 5.06 update 7 (build 960) Tool: armlink [4d3601]

==============================================================================

Section Cross References

    system_stm32f10x.o(i.SetSysClock) refers to system_stm32f10x.o(i.SetSysClockTo72) for SetSysClockTo72
    system_stm32f10x.o(i.SystemCoreClockUpdate) refers to system_stm32f10x.o(.data) for .data
    system_stm32f10x.o(i.SystemInit) refers to system_stm32f10x.o(i.SetSysClock) for SetSysClock
    startup_stm32f10x_hd.o(RESET) refers to startup_stm32f10x_hd.o(STACK) for __initial_sp
    startup_stm32f10x_hd.o(RESET) refers to startup_stm32f10x_hd.o(.text) for Reset_Handler
    startup_stm32f10x_hd.o(RESET) refers to stm32f10x_it.o(i.NMI_Handler) for NMI_Handler
    startup_stm32f10x_hd.o(RESET) refers to stm32f10x_it.o(i.HardFault_Handler) for HardFault_Handler
    startup_stm32f10x_hd.o(RESET) refers to stm32f10x_it.o(i.MemManage_Handler) for MemManage_Handler
    startup_stm32f10x_hd.o(RESET) refers to stm32f10x_it.o(i.BusFault_Handler) for BusFault_Handler
    startup_stm32f10x_hd.o(RESET) refers to stm32f10x_it.o(i.UsageFault_Handler) for UsageFault_Handler
    startup_stm32f10x_hd.o(RESET) refers to stm32f10x_it.o(i.SVC_Handler) for SVC_Handler
    startup_stm32f10x_hd.o(RESET) refers to stm32f10x_it.o(i.DebugMon_Handler) for DebugMon_Handler
    startup_stm32f10x_hd.o(RESET) refers to stm32f10x_it.o(i.PendSV_Handler) for PendSV_Handler
    startup_stm32f10x_hd.o(RESET) refers to stm32f10x_it.o(i.EXTI0_IRQHandler) for EXTI0_IRQHandler
    startup_stm32f10x_hd.o(RESET) refers to hw_config.o(i.USB_LP_CAN1_RX0_IRQHandler) for USB_LP_CAN1_RX0_IRQHandler
    startup_stm32f10x_hd.o(RESET) refers to stm32f10x_it.o(i.TIM3_IRQHandler) for TIM3_IRQHandler
    startup_stm32f10x_hd.o(RESET) refers to usart.o(i.USART1_IRQHandler) for USART1_IRQHandler
    startup_stm32f10x_hd.o(RESET) refers to stm32f10x_it.o(i.EXTI15_10_IRQHandler) for EXTI15_10_IRQHandler
    startup_stm32f10x_hd.o(RESET) refers to hw_config.o(i.USBWakeUp_IRQHandler) for USBWakeUp_IRQHandler
    startup_stm32f10x_hd.o(RESET) refers to stm32f10x_it.o(i.TIM6_IRQHandler) for TIM6_IRQHandler
    startup_stm32f10x_hd.o(.text) refers to system_stm32f10x.o(i.SystemInit) for SystemInit
    startup_stm32f10x_hd.o(.text) refers to entry.o(.ARM.Collect$$$$00000000) for __main
    stm32f10x_adc.o(i.ADC_DeInit) refers to stm32f10x_rcc.o(i.RCC_APB2PeriphResetCmd) for RCC_APB2PeriphResetCmd
    stm32f10x_bkp.o(i.BKP_DeInit) refers to stm32f10x_rcc.o(i.RCC_BackupResetCmd) for RCC_BackupResetCmd
    stm32f10x_can.o(i.CAN_DeInit) refers to stm32f10x_rcc.o(i.RCC_APB1PeriphResetCmd) for RCC_APB1PeriphResetCmd
    stm32f10x_can.o(i.CAN_GetITStatus) refers to stm32f10x_can.o(i.CheckITStatus) for CheckITStatus
    stm32f10x_cec.o(i.CEC_DeInit) refers to stm32f10x_rcc.o(i.RCC_APB1PeriphResetCmd) for RCC_APB1PeriphResetCmd
    stm32f10x_dac.o(i.DAC_DeInit) refers to stm32f10x_rcc.o(i.RCC_APB1PeriphResetCmd) for RCC_APB1PeriphResetCmd
    stm32f10x_flash.o(i.FLASH_EnableWriteProtection) refers to stm32f10x_flash.o(i.FLASH_WaitForLastOperation) for FLASH_WaitForLastOperation
    stm32f10x_flash.o(i.FLASH_EraseAllBank1Pages) refers to stm32f10x_flash.o(i.FLASH_WaitForLastBank1Operation) for FLASH_WaitForLastBank1Operation
    stm32f10x_flash.o(i.FLASH_EraseAllPages) refers to stm32f10x_flash.o(i.FLASH_WaitForLastOperation) for FLASH_WaitForLastOperation
    stm32f10x_flash.o(i.FLASH_EraseOptionBytes) refers to stm32f10x_flash.o(i.FLASH_GetReadOutProtectionStatus) for FLASH_GetReadOutProtectionStatus
    stm32f10x_flash.o(i.FLASH_EraseOptionBytes) refers to stm32f10x_flash.o(i.FLASH_WaitForLastOperation) for FLASH_WaitForLastOperation
    stm32f10x_flash.o(i.FLASH_ErasePage) refers to stm32f10x_flash.o(i.FLASH_WaitForLastOperation) for FLASH_WaitForLastOperation
    stm32f10x_flash.o(i.FLASH_ProgramHalfWord) refers to stm32f10x_flash.o(i.FLASH_WaitForLastOperation) for FLASH_WaitForLastOperation
    stm32f10x_flash.o(i.FLASH_ProgramOptionByteData) refers to stm32f10x_flash.o(i.FLASH_WaitForLastOperation) for FLASH_WaitForLastOperation
    stm32f10x_flash.o(i.FLASH_ProgramWord) refers to stm32f10x_flash.o(i.FLASH_WaitForLastOperation) for FLASH_WaitForLastOperation
    stm32f10x_flash.o(i.FLASH_ReadOutProtection) refers to stm32f10x_flash.o(i.FLASH_WaitForLastOperation) for FLASH_WaitForLastOperation
    stm32f10x_flash.o(i.FLASH_UserOptionByteConfig) refers to stm32f10x_flash.o(i.FLASH_WaitForLastOperation) for FLASH_WaitForLastOperation
    stm32f10x_flash.o(i.FLASH_WaitForLastBank1Operation) refers to stm32f10x_flash.o(i.FLASH_GetBank1Status) for FLASH_GetBank1Status
    stm32f10x_flash.o(i.FLASH_WaitForLastOperation) refers to stm32f10x_flash.o(i.FLASH_GetBank1Status) for FLASH_GetBank1Status
    stm32f10x_gpio.o(i.GPIO_AFIODeInit) refers to stm32f10x_rcc.o(i.RCC_APB2PeriphResetCmd) for RCC_APB2PeriphResetCmd
[...]
    i.Out0_Process                           0x080018e4   Section        0  usb_core.o(i.Out0_Process)
    i.PD6_GPIO_Config                        0x08001930   Section        0  bsp_assist.o(i.PD6_GPIO_Config)
    i.PMAToUserBufferCopy                    0x08001964   Section        0  usb_mem.o(i.PMAToUserBufferCopy)
    i.PendSV_Handler                         0x08001988   Section        0  stm32f10x_it.o(i.PendSV_Handler)
    i.Play_Tone                              0x0800198c   Section        0  bsp_beep.o(i.Play_Tone)
    i.Post0_Process                          0x080019d0   Section        0  usb_core.o(i.Post0_Process)
    i.PowerOn                                0x08001a10   Section        0  usb_pwr.o(i.PowerOn)
    i.RCC_ADCCLKConfig                       0x08001a3c   Section        0  stm32f10x_rcc.o(i.RCC_ADCCLKConfig)
    i.RCC_APB1PeriphClockCmd                 0x08001a50   Section        0  stm32f10x_rcc.o(i.RCC_APB1PeriphClockCmd)
    i.RCC_APB2PeriphClockCmd                 0x08001a6c   Section        0  stm32f10x_rcc.o(i.RCC_APB2PeriphClockCmd)
    i.RCC_GetClocksFreq                      0x08001a88   Section        0  stm32f10x_rcc.o(i.RCC_GetClocksFreq)
    i.RCC_USBCLKConfig                       0x08001b34   Section        0  stm32f10x_rcc.o(i.RCC_USBCLKConfig)
    i.Resume                                 0x08001b40   Section        0  usb_pwr.o(i.Resume)
    i.Resume_Init                            0x08001bdc   Section        0  usb_pwr.o(i.Resume_Init)
    i.SOF_Callback                           0x08001bfc   Section        0  usb_endp.o(i.SOF_Callback)
    i.SVC_Handler                            0x08001c24   Section        0  stm32f10x_it.o(i.SVC_Handler)
    i.Send_Temperature                       0x08001c28   Section        0  bsp_temp_ctrl.o(i.Send_Temperature)
    i.SetBTABLE                              0x08001c60   Section        0  usb_regs.o(i.SetBTABLE)
    i.SetDeviceAddress                       0x08001c70   Section        0  usb_core.o(i.SetDeviceAddress)
    i.SetEPRxAddr                            0x08001cb8   Section        0  usb_regs.o(i.SetEPRxAddr)
    i.SetEPRxCount                           0x08001cd8   Section        0  usb_regs.o(i.SetEPRxCount)
    i.SetEPRxStatus                          0x08001d1c   Section        0  usb_regs.o(i.SetEPRxStatus)
    i.SetEPRxValid                           0x08001d4c   Section        0  usb_regs.o(i.SetEPRxValid)
    i.SetEPTxAddr                            0x08001d74   Section        0  usb_regs.o(i.SetEPTxAddr)
    i.SetEPTxCount                           0x08001d94   Section        0  usb_regs.o(i.SetEPTxCount)
    i.SetEPTxStatus                          0x08001db0   Section        0  usb_regs.o(i.SetEPTxStatus)
    i.SetEPTxValid                           0x08001de0   Section        0  usb_regs.o(i.SetEPTxValid)
    i.SetEPType                              0x08001e08   Section        0  usb_regs.o(i.SetEPType)
    i.SetSysClock                            0x08001e24   Section        0  system_stm32f10x.o(i.SetSysClock)
    SetSysClock                              0x08001e25   Thumb Code     4  system_stm32f10x.o(i.SetSysClock)
    i.SetSysClockTo72                        0x08001e28   Section        0  system_stm32f10x.o(i.SetSysClockTo72)
    SetSysClockTo72                          0x08001e29   Thumb Code   166  system_stm32f10x.o(i.SetSysClockTo72)
    i.Set_USBClock                           0x08001ed8   Section        0  hw_config.o(i.Set_USBClock)
    i.Setup0_Process                         0x08001eec   Section        0  usb_core.o(i.Setup0_Process)
    i.Standard_ClearFeature                  0x08001f74   Section        0  usb_core.o(i.Standard_ClearFeature)
    i.Standard_GetConfiguration              0x08002084   Section        0  usb_core.o(i.Standard_GetConfiguration)
    i.Standard_GetDescriptorData             0x080020ac   Section        0  usb_core.o(i.Standard_GetDescriptorData)
    i.Standard_GetInterface                  0x080020cc   Section        0  usb_core.o(i.Standard_GetInterface)
    i.Standard_GetStatus                     0x080020f4   Section        0  usb_core.o(i.Standard_GetStatus)
    i.Standard_SetConfiguration              0x080021b0   Section        0  usb_core.o(i.Standard_SetConfiguration)
    i.Standard_SetDeviceFeature              0x080021e8   Section        0  usb_core.o(i.Standard_SetDeviceFeature)
    i.Standard_SetEndPointFeature            0x0800220c   Section        0  usb_core.o(i.Standard_SetEndPointFeature)
    i.Standard_SetInterface                  0x080022a0   Section        0  usb_core.o(i.Standard_SetInterface)
    i.Suspend                                0x080022ec   Section        0  usb_pwr.o(i.Suspend)
    i.SysTick_CLKSourceConfig                0x0800236c   Section        0  misc.o(i.SysTick_CLKSourceConfig)
    i.SystemInit                             0x08002388   Section        0  system_stm32f10x.o(i.SystemInit)
    i.TIM3_Breathing_Init                    0x080023d8   Section        0  bsp_breathing.o(i.TIM3_Breathing_Init)
    i.TIM3_GPIO_Config                       0x080023e8   Section        0  bsp_breathing.o(i.TIM3_GPIO_Config)
    TIM3_GPIO_Config                         0x080023e9   Thumb Code    46  bsp_breathing.o(i.TIM3_GPIO_Config)
    i.TIM3_IRQHandler                        0x0800241c   Section        0  stm32f10x_it.o(i.TIM3_IRQHandler)
    i.TIM3_Mode_Config                       0x08002494   Section        0  bsp_breathing.o(i.TIM3_Mode_Config)
    TIM3_Mode_Config                         0x08002495   Thumb Code   118  bsp_breathing.o(i.TIM3_Mode_Config)
    i.TIM6_IRQHandler                        0x08002510   Section        0  stm32f10x_it.o(i.TIM6_IRQHandler)
    i.TIM6_WinkLED_Init                      0x080025bc   Section        0  bsp_led.o(i.TIM6_WinkLED_Init)
    i.TIM_ARRPreloadConfig                   0x080025d0   Section        0  stm32f10x_tim.o(i.TIM_ARRPreloadConfig)
    i.TIM_ClearFlag                          0x080025e8   Section        0  stm32f10x_tim.o(i.TIM_ClearFlag)
    i.TIM_ClearITPendingBit                  0x080025ee   Section        0  stm32f10x_tim.o(i.TIM_ClearITPendingBit)
    i.TIM_Cmd                                0x080025f4   Section        0  stm32f10x_tim.o(i.TIM_Cmd)
    i.TIM_GetITStatus                        0x0800260c   Section        0  stm32f10x_tim.o(i.TIM_GetITStatus)
    i.TIM_ITConfig                           0x08002624   Section        0  stm32f10x_tim.o(i.TIM_ITConfig)
    i.TIM_OC3Init                            0x08002638   Section        0  stm32f10x_tim.o(i.TIM_OC3Init)
    i.TIM_OC3PreloadConfig                   0x080026bc   Section        0  stm32f10x_tim.o(i.TIM_OC3PreloadConfig)
    i.TIM_TimeBaseInit                       0x080026c8   Section        0  stm32f10x_tim.o(i.TIM_TimeBaseInit)
    i.Temp_Is_high                           0x08002764   Section        0  bsp_temp_ctrl.o(i.Temp_Is_high)
    i.USART1_IRQHandler                      0x08002780   Section        0  usart.o(i.USART1_IRQHandler)
    i.USART_Cmd                              0x080027e8   Section        0  stm32f10x_usart.o(i.USART_Cmd)
    i.USART_Config                           0x08002800   Section        0  hw_config.o(i.USART_Config)
    i.USART_GetITStatus                      0x080028ac   Section        0  stm32f10x_usart.o(i.USART_GetITStatus)
    i.USART_ITConfig                         0x080028ec   Section        0  stm32f10x_usart.o(i.USART_ITConfig)
    i.USART_Init                             0x08002924   Section        0  stm32f10x_usart.o(i.USART_Init)
    i.USART_ReceiveData                      0x080029e0   Section        0  stm32f10x_usart.o(i.USART_ReceiveData)
    i.USBWakeUp_IRQHandler                   0x080029e8   Section        0  hw_config.o(i.USBWakeUp_IRQHandler)
    i.USB_Cable_Config                       0x080029f0   Section        0  hw_config.o(i.USB_Cable_Config)
    i.USB_Init                               0x08002a30   Section        0  usb_init.o(i.USB_Init)
    i.USB_Interrupts_Config                  0x08002a58   Section        0  hw_config.o(i.USB_Interrupts_Config)
    i.USB_Istr                               0x08002aa4   Section        0  usb_istr.o(i.USB_Istr)
    i.USB_LP_CAN1_RX0_IRQHandler             0x08002c08   Section        0  hw_config.o(i.USB_LP_CAN1_RX0_IRQHandler)
    i.USB_Port_Set                           0x08002c0c   Section        0  hw_config.o(i.USB_Port_Set)
    i.USB_SIL_Init                           0x08002c58   Section        0  usb_sil.o(i.USB_SIL_Init)
    i.USB_SIL_Read                           0x08002c78   Section        0  usb_sil.o(i.USB_SIL_Read)
    i.USB_To_USART_Send_Data                 0x08002c9c   Section        0  hw_config.o(i.USB_To_USART_Send_Data)
    i.USB_USART_SendData                     0x08002cf8   Section        0  hw_config.o(i.USB_USART_SendData)
    i.UsageFault_Handler                     0x08002d20   Section        0  stm32f10x_it.o(i.UsageFault_Handler)
    i.UserToPMABufferCopy                    0x08002d24   Section        0  usb_mem.o(i.UserToPMABufferCopy)
    i.Virtual_Com_Port_Data_Setup            0x08002d50   Section        0  usb_prop.o(i.Virtual_Com_Port_Data_Setup)
    i.Virtual_Com_Port_GetConfigDescriptor   0x08002da4   Section        0  usb_prop.o(i.Virtual_Com_Port_GetConfigDescriptor)
    i.Virtual_Com_Port_GetDeviceDescriptor   0x08002db0   Section        0  usb_prop.o(i.Virtual_Com_Port_GetDeviceDescriptor)
    i.Virtual_Com_Port_GetLineCoding         0x08002dbc   Section        0  usb_prop.o(i.Virtual_Com_Port_GetLineCoding)
    i.Virtual_Com_Port_GetStringDescriptor   0x08002dd8   Section        0  usb_prop.o(i.Virtual_Com_Port_GetStringDescriptor)
    i.Virtual_Com_Port_Get_Interface_Setting 0x08002df8   Section        0  usb_prop.o(i.Virtual_Com_Port_Get_Interface_Setting)
    i.Virtual_Com_Port_NoData_Setup          0x08002e0c   Section        0  usb_prop.o(i.Virtual_Com_Port_NoData_Setup)
    i.Virtual_Com_Port_Reset                 0x08002e34   Section        0  usb_prop.o(i.Virtual_Com_Port_Reset)
    i.Virtual_Com_Port_SetConfiguration      0x08002f14   Section        0  usb_prop.o(i.Virtual_Com_Port_SetConfiguration)
    i.Virtual_Com_Port_SetDeviceAddress      0x08002f2c   Section        0  usb_prop.o(i.Virtual_Com_Port_SetDeviceAddress)
    i.Virtual_Com_Port_SetLineCoding         0x08002f38   Section        0  usb_prop.o(i.Virtual_Com_Port_SetLineCoding)
    i.Virtual_Com_Port_Status_In             0x08002f54   Section        0  usb_prop.o(i.Virtual_Com_Port_Status_In)
    i.Virtual_Com_Port_Status_Out            0x08002f6c   Section        0  usb_prop.o(i.Virtual_Com_Port_Status_Out)
    i.Virtual_Com_Port_init                  0x08002f70   Section        0  usb_prop.o(i.Virtual_Com_Port_init)
    i.WinkLED_Ctrl                           0x08002f94   Section        0  bsp_led.o(i.WinkLED_Ctrl)
    i.__0printf                              0x08002fdc   Section        0  printfa.o(i.__0printf)
    i.__0vsprintf                            0x08002ffc   Section        0  printfa.o(i.__0vsprintf)
    i.__scatterload_copy                     0x08003020   Section       14  handlers.o(i.__scatterload_copy)
    i.__scatterload_null                     0x0800302e   Section        2  handlers.o(i.__scatterload_null)
    i.__scatterload_zeroinit                 0x08003030   Section       14  handlers.o(i.__scatterload_zeroinit)
    i._fp_digits                             0x08003040   Section        0  printfa.o(i._fp_digits)
    _fp_digits                               0x08003041   Thumb Code   366  printfa.o(i._fp_digits)
    i._printf_core                           0x080031c4   Section        0  printfa.o(i._printf_core)
    _printf_core                             0x080031c5   Thumb Code  1704  printfa.o(i._printf_core)
    i._printf_post_padding                   0x08003878   Section        0  printfa.o(i._printf_post_padding)
    _printf_post_padding                     0x08003879   Thumb Code    36  printfa.o(i._printf_post_padding)
    i._printf_pre_padding                    0x0800389c   Section        0  printfa.o(i._printf_pre_padding)
    _printf_pre_padding                      0x0800389d   Thumb Code    46  printfa.o(i._printf_pre_padding)
    i._sputc                                 0x080038ca   Section        0  printfa.o(i._sputc)
    _sputc                                   0x080038cb   Thumb Code    10  printfa.o(i._sputc)
    i.decode                                 0x080038d4   Section        0  bsp_assist.o(i.decode)
    i.delay_init                             0x08003964   Section        0  delay.o(i.delay_init)
    i.delay_ms                               0x080039a0   Section        0  delay.o(i.delay_ms)
    i.delay_us                               0x080039d4   Section        0  delay.o(i.delay_us)
    i.fputc                                  0x08003a08   Section        0  usart.o(i.fputc)
    i.main                                   0x08003a20   Section        0  main.o(i.main)
    i.uart_init                              0x08003a90   Section        0  usart.o(i.uart_init)
    i.usb_printf                             0x08003b30   Section        0  hw_config.o(i.usb_printf)
    .constdata                               0x08003b68   Section       18  usb_desc.o(.constdata)
    .constdata                               0x08003b7a   Section       67  usb_desc.o(.constdata)
    .constdata                               0x08003bbd   Section        4  usb_desc.o(.constdata)
    .constdata                               0x08003bc1   Section       38  usb_desc.o(.constdata)
    .constdata                               0x08003be7   Section       50  usb_desc.o(.constdata)
    .data                                    0x20000000   Section       20  system_stm32f10x.o(.data)
    .data                                    0x20000014   Section       20  stm32f10x_rcc.o(.data)
    ADCPrescTable                            0x20000014   Data           4  stm32f10x_rcc.o(.data)
    APBAHBPrescTable                         0x20000018   Data          16  stm32f10x_rcc.o(.data)
    .data                                    0x20000028   Section        4  stm32f10x_it.o(.data)
    pwm_index                                0x20000028   Data           2  stm32f10x_it.o(.data)
    period_cnt                               0x2000002a   Data           2  stm32f10x_it.o(.data)
    .data                                    0x2000002c   Section        4  bsp_led.o(.data)
    .data                                    0x20000030   Section        8  bsp_assist.o(.data)
    .data                                    0x20000038   Section        2  bsp_breathing.o(.data)
    .data                                    0x2000003a   Section        2  bsp_breathing.o(.data)
    .data                                    0x2000003c   Section      220  bsp_breathing.o(.data)
    .data                                    0x20000118   Section        2  bsp_breathing.o(.data)
    .data                                    0x2000011a   Section       16  bsp_beep.o(.data)
    .data                                    0x2000012a   Section        2  bsp_beep.o(.data)
    .data                                    0x2000012c   Section       36  bsp_beep.o(.data)
    .data                                    0x20000150   Section        4  bsp_beep.o(.data)
    .data                                    0x20000154   Section        2  bsp_basic_timer.o(.data)
    .data                                    0x20000158   Section        4  bsp_temp_ctrl.o(.data)
    .data                                    0x2000015c   Section        2  bsp_temp_ctrl.o(.data)
    .data                                    0x2000015e   Section        4  usb_core.o(.data)
    .data                                    0x20000162   Section        1  usb_init.o(.data)
    .data                                    0x20000164   Section       12  usb_init.o(.data)
    .data                                    0x20000170   Section        2  usb_init.o(.data)
    .data                                    0x20000172   Section        4  usb_int.o(.data)
    .data                                    0x20000176   Section        2  hw_config.o(.data)
    .data                                    0x20000178   Section       26  usb_desc.o(.data)
    .data                                    0x20000194   Section        4  usb_endp.o(.data)
    FrameCount                               0x20000194   Data           4  usb_endp.o(.data)
    .data                                    0x20000198   Section       12  usb_istr.o(.data)
    .data                                    0x200001a4   Section       28  usb_istr.o(.data)
    .data                                    0x200001c0   Section       28  usb_istr.o(.data)
    .data                                    0x200001dc   Section      108  usb_prop.o(.data)
    .data                                    0x20000248   Section        2  usb_prop.o(.data)
    .data                                    0x2000024c   Section       36  usb_prop.o(.data)
    .data                                    0x20000270   Section        4  usb_pwr.o(.data)
    .data                                    0x20000274   Section        1  usb_pwr.o(.data)
    .data                                    0x20000278   Section        8  usb_pwr.o(.data)
    .data                                    0x20000280   Section        2  usart.o(.data)
    .data                                    0x20000284   Section        4  usart.o(.data)
    .data                                    0x20000288   Section        4  delay.o(.data)
    fac_us                                   0x20000288   Data           1  delay.o(.data)
    fac_ms                                   0x2000028a   Data           2  delay.o(.data)
    .bss                                     0x2000028c   Section       28  usb_init.o(.bss)
    .bss                                     0x200002a8   Section     1428  hw_config.o(.bss)
    .bss                                     0x2000083c   Section       64  usb_endp.o(.bss)
    .bss                                     0x2000087c   Section       32  usb_pwr.o(.bss)
    .bss                                     0x2000089c   Section      200  usart.o(.bss)
    STACK                                    0x20000968   Section     1024  startup_stm32f10x_hd.o(STACK)

    Global Symbols

    Symbol Name                              Value     Ov Type        Size  Object(Section)

    BuildAttributes$$THM_ISAv4$P$D$K$B$S$PE$A:L22UL41UL21$X:L11$S22US41US21$IEEE1$IW$USESV6$~STKCKD$USESV7$~SHL$OTIME$ROPI$EBA8$MICROLIB$REQ8$PRES8$EABIv2 0x00000000   Number         0  anon$$obj.o ABSOLUTE
    __ARM_use_no_argv                        0x00000000   Number         0  main.o ABSOLUTE
    __use_no_errno                           0x00000000   Number         0  useno.o ABSOLUTE
    __use_no_exception_handling              0x00000000   Number         0  useno.o ABSOLUTE
    __use_no_fp                              0x00000000   Number         0  useno.o ABSOLUTE
    __use_no_heap                            0x00000000   Number         0  useno.o ABSOLUTE
    __use_no_heap_region                     0x00000000   Number         0  useno.o ABSOLUTE
    __use_no_semihosting                     0x00000000   Number         0  useno.o ABSOLUTE
    __use_no_semihosting_swi                 0x00000000   Number         0  useno.o ABSOLUTE
    __use_no_signal_handling                 0x00000000   Number         0  useno.o ABSOLUTE
    _printf_a                                0x00000000   Number         0  stubs.o ABSOLUTE
    _printf_c                                0x00000000   Number         0  stubs.o ABSOLUTE
    _printf_charcount                        0x00000000   Number         0  stubs.o ABSOLUTE
    _printf_d                                0x00000000   Number         0  stubs.o ABSOLUTE
    _printf_e                                0x00000000   Number         0  stubs.o ABSOLUTE
    _printf_f                                0x00000000   Number         0  stubs.o ABSOLUTE
    _printf_flags                            0x00000000   Number         0  stubs.o ABSOLUTE
    _printf_fp_dec                           0x00000000   Number         0  stubs.o ABSOLUTE
    _printf_fp_hex                           0x00000000   Number         0  stubs.o ABSOLUTE
    _printf_g                                0x00000000   Number         0  stubs.o ABSOLUTE
    _printf_i                                0x00000000   Number         0  stubs.o ABSOLUTE
    _printf_int_dec                          0x00000000   Number         0  stubs.o ABSOLUTE
    _printf_l                                0x00000000   Number         0  stubs.o ABSOLUTE
    _printf_lc                               0x00000000   Number         0  stubs.o ABSOLUTE
    _printf_ll                               0x00000000   Number         0  stubs.o ABSOLUTE
    _printf_lld                              0x00000000   Number         0  stubs.o ABSOLUTE
    _printf_lli                              0x00000000   Number         0  stubs.o ABSOLUTE
    _printf_llo                              0x00000000   Number         0  stubs.o ABSOLUTE
    _printf_llu                              0x00000000   Number         0  stubs.o ABSOLUTE
    _printf_llx                              0x00000000   Number         0  stubs.o ABSOLUTE
    _printf_longlong_dec                     0x00000000   Number         0  stubs.o ABSOLUTE
    _printf_longlong_hex                     0x00000000   Number         0  stubs.o ABSOLUTE
    _printf_longlong_oct                     0x00000000   Number         0  stubs.o ABSOLUTE
    _printf_ls                               0x00000000   Number         0  stubs.o ABSOLUTE
    _printf_mbtowc                           0x00000000   Number         0  stubs.o ABSOLUTE
    _printf_n                                0x00000000   Number         0  stubs.o ABSOLUTE
    _printf_o                                0x00000000   Number         0  stubs.o ABSOLUTE
    _printf_p                                0x00000000   Number         0  stubs.o ABSOLUTE
    _printf_percent                          0x00000000   Number         0  stubs.o ABSOLUTE
    _printf_pre_padding                      0x00000000   Number         0  stubs.o ABSOLUTE
    _printf_return_value                     0x00000000   Number         0  stubs.o ABSOLUTE
    _printf_s                                0x00000000   Number         0  stubs.o ABSOLUTE
    _printf_sizespec                         0x00000000   Number         0  stubs.o ABSOLUTE
    _printf_str                              0x00000000   Number         0  stubs.o ABSOLUTE
    _printf_truncate_signed                  0x00000000   Number         0  stubs.o ABSOLUTE
    _printf_truncate_unsigned                0x00000000   Number         0  stubs.o ABSOLUTE
    _printf_u                                0x00000000   Number         0  stubs.o ABSOLUTE
    _printf_wc                               0x00000000   Number         0  stubs.o ABSOLUTE
    _printf_wctomb                           0x00000000   Number         0  stubs.o ABSOLUTE
    _printf_widthprec                        0x00000000   Number         0  stubs.o ABSOLUTE
    _printf_x                                0x00000000   Number         0  stubs.o ABSOLUTE
    __arm_fini_                               - Undefined Weak Reference
    __cpp_initialize__aeabi_                  - Undefined Weak Reference
    __cxa_finalize                            - Undefined Weak Reference
    _clock_init                               - Undefined Weak Reference
    _microlib_exit                            - Undefined Weak Reference
    __Vectors_Size                           0x00000130   Number         0  startup_stm32f10x_hd.o ABSOLUTE
    __Vectors                                0x08000000   Data           4  startup_stm32f10x_hd.o(RESET)
    __Vectors_End                            0x08000130   Data           0  startup_stm32f10x_hd.o(RESET)
    __main                                   0x08000131   Thumb Code     0  entry.o(.ARM.Collect$$$$00000000)
    _main_stk                                0x08000131   Thumb Code     0  entry2.o(.ARM.Collect$$$$00000001)
    _main_scatterload                        0x08000135   Thumb Code     0  entry5.o(.ARM.Collect$$$$00000004)
    __main_after_scatterload                 0x08000139   Thumb Code     0  entry5.o(.ARM.Collect$$$$00000004)
    _main_clock                              0x08000139   Thumb Code     0  entry7b.o(.ARM.Collect$$$$00000008)
    _main_cpp_init                           0x08000139   Thumb Code     0  entry8b.o(.ARM.Collect$$$$0000000A)
    _main_init                               0x08000139   Thumb Code     0  entry9a.o(.ARM.Collect$$$$0000000B)
    __rt_lib_shutdown_fini                   0x08000141   Thumb Code     0  entry12b.o(.ARM.Collect$$$$0000000E)
    __rt_final_cpp                           0x08000145   Thumb Code     0  entry10a.o(.ARM.Collect$$$$0000000F)
    __rt_final_exit                          0x08000145   Thumb Code     0  entry11a.o(.ARM.Collect$$$$00000011)
    Reset_Handler                            0x08000149   Thumb Code     8  startup_stm32f10x_hd.o(.text)
    SysTick_Handler                          0x08000161   Thumb Code     2  startup_stm32f10x_hd.o(.text)
    ADC1_2_IRQHandler                        0x08000163   Thumb Code     0  startup_stm32f10x_hd.o(.text)
    ADC3_IRQHandler                          0x08000163   Thumb Code     0  startup_stm32f10x_hd.o(.text)
    CAN1_RX1_IRQHandler                      0x08000163   Thumb Code     0  startup_stm32f10x_hd.o(.text)
    CAN1_SCE_IRQHandler                      0x08000163   Thumb Code     0  startup_stm32f10x_hd.o(.text)
    DMA1_Channel1_IRQHandler                 0x08000163   Thumb Code     0  startup_stm32f10x_hd.o(.text)
    DMA1_Channel2_IRQHandler                 0x08000163   Thumb Code     0  startup_stm32f10x_hd.o(.text)
    DMA1_Channel3_IRQHandler                 0x08000163   Thumb Code     0  startup_stm32f10x_hd.o(.text)
    DMA1_Channel4_IRQHandler                 0x08000163   Thumb Code     0  startup_stm32f10x_hd.o(.text)
    DMA1_Channel5_IRQHandler                 0x08000163   Thumb Code     0  startup_stm32f10x_hd.o(.text)
    DMA1_Channel6_IRQHandler                 0x08000163   Thumb Code     0  startup_stm32f10x_hd.o(.text)
    DMA1_Channel7_IRQHandler                 0x08000163   Thumb Code     0  startup_stm32f10x_hd.o(.text)
    DMA2_Channel1_IRQHandler                 0x08000163   Thumb Code     0  startup_stm32f10x_hd.o(.text)
    DMA2_Channel2_IRQHandler                 0x08000163   Thumb Code     0  startup_stm32f10x_hd.o(.text)
    DMA2_Channel3_IRQHandler                 0x08000163   Thumb Code     0  startup_stm32f10x_hd.o(.text)
    DMA2_Channel4_5_IRQHandler               0x08000163   Thumb Code     0  startup_stm32f10x_hd.o(.text)
    EXTI1_IRQHandler                         0x08000163   Thumb Code     0  startup_stm32f10x_hd.o(.text)
    EXTI2_IRQHandler                         0x08000163   Thumb Code     0  startup_stm32f10x_hd.o(.text)
    EXTI3_IRQHandler                         0x08000163   Thumb Code     0  startup_stm32f10x_hd.o(.text)
    EXTI4_IRQHandler                         0x08000163   Thumb Code     0  startup_stm32f10x_hd.o(.text)
    EXTI9_5_IRQHandler                       0x08000163   Thumb Code     0  startup_stm32f10x_hd.o(.text)
    FLASH_IRQHandler                         0x08000163   Thumb Code     0  startup_stm32f10x_hd.o(.text)
    FSMC_IRQHandler                          0x08000163   Thumb Code     0  startup_stm32f10x_hd.o(.text)
    I2C1_ER_IRQHandler                       0x08000163   Thumb Code     0  startup_stm32f10x_hd.o(.text)
    I2C1_EV_IRQHandler                       0x08000163   Thumb Code     0  startup_stm32f10x_hd.o(.text)
    I2C2_ER_IRQHandler                       0x08000163   Thumb Code     0  startup_stm32f10x_hd.o(.text)
    I2C2_EV_IRQHandler                       0x08000163   Thumb Code     0  startup_stm32f10x_hd.o(.text)
    PVD_IRQHandler                           0x08000163   Thumb Code     0  startup_stm32f10x_hd.o(.text)
    RCC_IRQHandler                           0x08000163   Thumb Code     0  startup_stm32f10x_hd.o(.text)
    RTCAlarm_IRQHandler                      0x08000163   Thumb Code     0  startup_stm32f10x_hd.o(.text)
    RTC_IRQHandler                           0x08000163   Thumb Code     0  startup_stm32f10x_hd.o(.text)
    SDIO_IRQHandler                          0x08000163   Thumb Code     0  startup_stm32f10x_hd.o(.text)
    SPI1_IRQHandler                          0x08000163   Thumb Code     0  startup_stm32f10x_hd.o(.text)
    SPI2_IRQHandler                          0x08000163   Thumb Code     0  startup_stm32f10x_hd.o(.text)
    SPI3_IRQHandler                          0x08000163   Thumb Code     0  startup_stm32f10x_hd.o(.text)
    TAMPER_IRQHandler                        0x08000163   Thumb Code     0  startup_stm32f10x_hd.o(.text)
    TIM1_BRK_IRQHandler                      0x08000163   Thumb Code     0  startup_stm32f10x_hd.o(.text)
    TIM1_CC_IRQHandler                       0x08000163   Thumb Code     0  startup_stm32f10x_hd.o(.text)
    TIM1_TRG_COM_IRQHandler                  0x08000163   Thumb Code     0  startup_stm32f10x_hd.o(.text)
    TIM1_UP_IRQHandler                       0x08000163   Thumb Code     0  startup_stm32f10x_hd.o(.text)
    TIM2_IRQHandler                          0x08000163   Thumb Code     0  startup_stm32f10x_hd.o(.text)
    TIM4_IRQHandler                          0x08000163   Thumb Code     0  startup_stm32f10x_hd.o(.text)
    TIM5_IRQHandler                          0x08000163   Thumb Code     0  startup_stm32f10x_hd.o(.text)
    TIM7_IRQHandler                          0x08000163   Thumb Code     0  startup_stm32f10x_hd.o(.text)
    TIM8_BRK_IRQHandler                      0x08000163   Thumb Code     0  startup_stm32f10x_hd.o(.text)
    TIM8_CC_IRQHandler                       0x08000163   Thumb Code     0  startup_stm32f10x_hd.o(.text)
    TIM8_TRG_COM_IRQHandler                  0x08000163   Thumb Code     0  startup_stm32f10x_hd.o(.text)
    TIM8_UP_IRQHandler                       0x08000163   Thumb Code     0  startup_stm32f10x_hd.o(.text)
    UART4_IRQHandler                         0x08000163   Thumb Code     0  startup_stm32f10x_hd.o(.text)
    UART5_IRQHandler                         0x08000163   Thumb Code     0  startup_stm32f10x_hd.o(.text)
    USART2_IRQHandler                        0x08000163   Thumb Code     0  startup_stm32f10x_hd.o(.text)
    USART3_IRQHandler                        0x08000163   Thumb Code     0  startup_stm32f10x_hd.o(.text)
    USB_HP_CAN1_TX_IRQHandler                0x08000163   Thumb Code     0  startup_stm32f10x_hd.o(.text)
    WWDG_IRQHandler                          0x08000163   Thumb Code     0  startup_stm32f10x_hd.o(.text)
    strlen                                   0x0800016d   Thumb Code    14  strlen.o(.text)
    __aeabi_dadd                             0x0800017b   Thumb Code   322  dadd.o(.text)
    __aeabi_dsub                             0x080002bd   Thumb Code     6  dadd.o(.text)
    __aeabi_drsub                            0x080002c3   Thumb Code     6  dadd.o(.text)
    __aeabi_dmul                             0x080002c9   Thumb Code   228  dmul.o(.text)
    __aeabi_ddiv                             0x080003ad   Thumb Code   222  ddiv.o(.text)
    __aeabi_ui2f                             0x0800048b   Thumb Code    10  ffltui.o(.text)
    __aeabi_f2d                              0x08000495   Thumb Code    38  f2d.o(.text)
    __aeabi_d2f                              0x080004bb   Thumb Code    56  d2f.o(.text)
    __aeabi_uidiv                            0x080004f3   Thumb Code     0  uidiv.o(.text)
    __aeabi_uidivmod                         0x080004f3   Thumb Code    44  uidiv.o(.text)
    __aeabi_uldivmod                         0x0800051f   Thumb Code    98  uldiv.o(.text)
    __aeabi_llsl                             0x08000581   Thumb Code    30  llshl.o(.text)
    _ll_shift_l                              0x08000581   Thumb Code     0  llshl.o(.text)
    __aeabi_lasr                             0x0800059f   Thumb Code    36  llsshr.o(.text)
    _ll_sshift_r                             0x0800059f   Thumb Code     0  llsshr.o(.text)
    __I$use$fp                               0x080005c3   Thumb Code     0  iusefp.o(.text)
    _float_round                             0x080005c3   Thumb Code    18  fepilogue.o(.text)
    _float_epilogue                          0x080005d5   Thumb Code    92  fepilogue.o(.text)
    _double_round                            0x08000631   Thumb Code    30  depilogue.o(.text)
    _double_epilogue                         0x0800064f   Thumb Code   156  depilogue.o(.text)
    __aeabi_d2ulz                            0x080006eb   Thumb Code    48  dfixul.o(.text)
    __aeabi_cdrcmple                         0x0800071d   Thumb Code    48  cdrcmple.o(.text)
    __scatterload                            0x0800074d   Thumb Code    28  init.o(.text)
    __scatterload_rt2                        0x0800074d   Thumb Code     0  init.o(.text)
    __aeabi_llsr                             0x08000771   Thumb Code    32  llushr.o(.text)
    _ll_ushift_r                             0x08000771   Thumb Code     0  llushr.o(.text)
    __decompress                             0x08000791   Thumb Code     0  __dczerorl2.o(.text)
    __decompress1                            0x08000791   Thumb Code    86  __dczerorl2.o(.text)
    ADC_Cmd                                  0x0800089d   Thumb Code    24  stm32f10x_adc.o(i.ADC_Cmd)
    ADC_GetCalibrationStatus                 0x080008b5   Thumb Code    14  stm32f10x_adc.o(i.ADC_GetCalibrationStatus)
    ADC_GetConversionValue                   0x080008c3   Thumb Code     6  stm32f10x_adc.o(i.ADC_GetConversionValue)
    ADC_GetFlagStatus                        0x080008c9   Thumb Code    14  stm32f10x_adc.o(i.ADC_GetFlagStatus)
    ADC_GetResetCalibrationStatus            0x080008d7   Thumb Code    14  stm32f10x_adc.o(i.ADC_GetResetCalibrationStatus)
    ADC_ITConfig                             0x080008e5   Thumb Code    22  stm32f10x_adc.o(i.ADC_ITConfig)
    ADC_Init                                 0x080008fd   Thumb Code    62  stm32f10x_adc.o(i.ADC_Init)
    ADC_RegularChannelConfig                 0x08000945   Thumb Code   116  stm32f10x_adc.o(i.ADC_RegularChannelConfig)
    ADC_ResetCalibration                     0x080009b9   Thumb Code    10  stm32f10x_adc.o(i.ADC_ResetCalibration)
    ADC_SoftwareStartConvCmd                 0x080009c3   Thumb Code    24  stm32f10x_adc.o(i.ADC_SoftwareStartConvCmd)
    ADC_StartCalibration                     0x080009db   Thumb Code    10  stm32f10x_adc.o(i.ADC_StartCalibration)
    ADC_TempSensorVrefintCmd                 0x080009e5   Thumb Code    26  stm32f10x_adc.o(i.ADC_TempSensorVrefintCmd)
    Adc_Init                                 0x08000a05   Thumb Code    14  bsp_adc.o(i.Adc_Init)
    Alarm_Beep                               0x08000a13   Thumb Code    28  bsp_temp_ctrl.o(i.Alarm_Beep)
    Alarm_LED                                0x08000a2f   Thumb Code    40  bsp_temp_ctrl.o(i.Alarm_LED)
    All_Mode_Ctrl                            0x08000a59   Thumb Code   176  bsp_assist.o(i.All_Mode_Ctrl)
    BASIC_TIM_Init                           0x08000b1d   Thumb Code    94  bsp_basic_timer.o(i.BASIC_TIM_Init)
    Beep_Ctrl                                0x08000b81   Thumb Code     6  bsp_beep.o(i.Beep_Ctrl)
    Beep_GPIO_Config                         0x08000b8d   Thumb Code    50  bsp_beep.o(i.Beep_GPIO_Config)
    Beep_Init                                0x08000bc5   Thumb Code    20  bsp_beep.o(i.Beep_Init)
    BreathLED_Ctrl                           0x08000bdd   Thumb Code     6  bsp_breathing.o(i.BreathLED_Ctrl)
    BusFault_Handler                         0x08000be9   Thumb Code     2  stm32f10x_it.o(i.BusFault_Handler)
    ByteSwap                                 0x08000beb   Thumb Code    10  usb_regs.o(i.ByteSwap)
    CTR_LP                                   0x08000bf5   Thumb Code   408  usb_int.o(i.CTR_LP)
    ClearDTOG_RX                             0x08000da9   Thumb Code    36  usb_regs.o(i.ClearDTOG_RX)
    ClearDTOG_TX                             0x08000dd1   Thumb Code    36  usb_regs.o(i.ClearDTOG_TX)
    Clear_Status_Out                         0x08000df9   Thumb Code    28  usb_regs.o(i.Clear_Status_Out)
    DebugMon_Handler                         0x08001129   Thumb Code     2  stm32f10x_it.o(i.DebugMon_Handler)
    EP1_IN_Callback                          0x0800112d   Thumb Code   118  usb_endp.o(i.EP1_IN_Callback)
    EP3_OUT_Callback                         0x080011a9   Thumb Code    28  usb_endp.o(i.EP3_OUT_Callback)
    EXIT_Key0_Init                           0x080011c9   Thumb Code   104  bsp_exti.o(i.EXIT_Key0_Init)
    EXIT_Key1_Init                           0x08001235   Thumb Code   106  bsp_exti.o(i.EXIT_Key1_Init)
    EXTI0_IRQHandler                         0x080012a5   Thumb Code    26  stm32f10x_it.o(i.EXTI0_IRQHandler)
    EXTI15_10_IRQHandler                     0x080012c5   Thumb Code    48  stm32f10x_it.o(i.EXTI15_10_IRQHandler)
    EXTI_ClearITPendingBit                   0x08001309   Thumb Code     6  stm32f10x_exti.o(i.EXTI_ClearITPendingBit)
    EXTI_GetITStatus                         0x08001315   Thumb Code    28  stm32f10x_exti.o(i.EXTI_GetITStatus)
    EXTI_Init                                0x08001335   Thumb Code   110  stm32f10x_exti.o(i.EXTI_Init)
    Enter_LowPowerMode                       0x080013a9   Thumb Code    16  hw_config.o(i.Enter_LowPowerMode)
    GPIO_EXTILineConfig                      0x080013d9   Thumb Code    34  stm32f10x_gpio.o(i.GPIO_EXTILineConfig)
    GPIO_Init                                0x08001401   Thumb Code   166  stm32f10x_gpio.o(i.GPIO_Init)
    GPIO_ResetBits                           0x080014a7   Thumb Code     4  stm32f10x_gpio.o(i.GPIO_ResetBits)
    GPIO_SetBits                             0x080014ab   Thumb Code     4  stm32f10x_gpio.o(i.GPIO_SetBits)
    GetEPRxAddr                              0x080014b1   Thumb Code    22  usb_regs.o(i.GetEPRxAddr)
    GetEPRxCount                             0x080014d1   Thumb Code    24  usb_regs.o(i.GetEPRxCount)
    GetEPTxAddr                              0x080014f1   Thumb Code    20  usb_regs.o(i.GetEPTxAddr)
    Get_ADC                                  0x0800150d   Thumb Code    46  bsp_adc.o(i.Get_ADC)
    Get_Adc_Average                          0x08001541   Thumb Code    34  bsp_adc.o(i.Get_Adc_Average)
    Get_SerialNum                            0x08001565   Thumb Code    46  hw_config.o(i.Get_SerialNum)
    Get_Temperature                          0x0800159d   Thumb Code    68  bsp_temp_ctrl.o(i.Get_Temperature)
    HardFault_Handler                        0x080015f9   Thumb Code     2  stm32f10x_it.o(i.HardFault_Handler)
    In0_Process                              0x080015fd   Thumb Code    82  usb_core.o(i.In0_Process)
    IntToUnicode                             0x0800165d   Thumb Code    58  hw_config.o(i.IntToUnicode)
    Key_Init                                 0x08001697   Thumb Code    14  bsp_exti.o(i.Key_Init)
    Leave_LowPowerMode                       0x080016a5   Thumb Code    28  hw_config.o(i.Leave_LowPowerMode)
    Led_Init                                 0x080016e1   Thumb Code    64  bsp_led.o(i.Led_Init)
    MemManage_Handler                        0x08001725   Thumb Code     2  stm32f10x_it.o(i.MemManage_Handler)
    Music_Play                               0x08001729   Thumb Code    48  bsp_beep.o(i.Music_Play)
    NMI_Handler                              0x0800175d   Thumb Code     2  stm32f10x_it.o(i.NMI_Handler)
    NOP_Process                              0x0800175f   Thumb Code     2  usb_core.o(i.NOP_Process)
    NVIC_Init                                0x0800178d   Thumb Code    96  misc.o(i.NVIC_Init)
    NVIC_PriorityGroupConfig                 0x080017f1   Thumb Code    10  misc.o(i.NVIC_PriorityGroupConfig)
    Out0_Process                             0x080018e5   Thumb Code    68  usb_core.o(i.Out0_Process)
    PD6_GPIO_Config                          0x08001931   Thumb Code    48  bsp_assist.o(i.PD6_GPIO_Config)
    PMAToUserBufferCopy                      0x08001965   Thumb Code    30  usb_mem.o(i.PMAToUserBufferCopy)
    PendSV_Handler                           0x08001989   Thumb Code     2  stm32f10x_it.o(i.PendSV_Handler)
    Play_Tone                                0x0800198d   Thumb Code    60  bsp_beep.o(i.Play_Tone)
    Post0_Process                            0x080019d1   Thumb Code    48  usb_core.o(i.Post0_Process)
    PowerOn                                  0x08001a11   Thumb Code    36  usb_pwr.o(i.PowerOn)
    RCC_ADCCLKConfig                         0x08001a3d   Thumb Code    14  stm32f10x_rcc.o(i.RCC_ADCCLKConfig)
    RCC_APB1PeriphClockCmd                   0x08001a51   Thumb Code    22  stm32f10x_rcc.o(i.RCC_APB1PeriphClockCmd)
    RCC_APB2PeriphClockCmd                   0x08001a6d   Thumb Code    22  stm32f10x_rcc.o(i.RCC_APB2PeriphClockCmd)
    RCC_GetClocksFreq                        0x08001a89   Thumb Code   154  stm32f10x_rcc.o(i.RCC_GetClocksFreq)
    RCC_USBCLKConfig                         0x08001b35   Thumb Code     6  stm32f10x_rcc.o(i.RCC_USBCLKConfig)
    Resume                                   0x08001b41   Thumb Code   146  usb_pwr.o(i.Resume)
    Resume_Init                              0x08001bdd   Thumb Code    26  usb_pwr.o(i.Resume_Init)
    SOF_Callback                             0x08001bfd   Thumb Code    30  usb_endp.o(i.SOF_Callback)
    SVC_Handler                              0x08001c25   Thumb Code     2  stm32f10x_it.o(i.SVC_Handler)
    Send_Temperature                         0x08001c29   Thumb Code    30  bsp_temp_ctrl.o(i.Send_Temperature)
    SetBTABLE                                0x08001c61   Thumb Code    10  usb_regs.o(i.SetBTABLE)
    SetDeviceAddress                         0x08001c71   Thumb Code    58  usb_core.o(i.SetDeviceAddress)
    SetEPRxAddr                              0x08001cb9   Thumb Code    24  usb_regs.o(i.SetEPRxAddr)
    SetEPRxCount                             0x08001cd9   Thumb Code    60  usb_regs.o(i.SetEPRxCount)
    SetEPRxStatus                            0x08001d1d   Thumb Code    44  usb_regs.o(i.SetEPRxStatus)
    SetEPRxValid                             0x08001d4d   Thumb Code    36  usb_regs.o(i.SetEPRxValid)
    SetEPTxAddr                              0x08001d75   Thumb Code    22  usb_regs.o(i.SetEPTxAddr)
    SetEPTxCount                             0x08001d95   Thumb Code    20  usb_regs.o(i.SetEPTxCount)
    SetEPTxStatus                            0x08001db1   Thumb Code    44  usb_regs.o(i.SetEPTxStatus)
    SetEPTxValid                             0x08001de1   Thumb Code    36  usb_regs.o(i.SetEPTxValid)
    SetEPType                                0x08001e09   Thumb Code    24  usb_regs.o(i.SetEPType)
    Set_USBClock                             0x08001ed9   Thumb Code    20  hw_config.o(i.Set_USBClock)
    Setup0_Process                           0x08001eed   Thumb Code   122  usb_core.o(i.Setup0_Process)
    Standard_ClearFeature                    0x08001f75   Thumb Code   252  usb_core.o(i.Standard_ClearFeature)
    Standard_GetConfiguration                0x08002085   Thumb Code    32  usb_core.o(i.Standard_GetConfiguration)
    Standard_GetDescriptorData               0x080020ad   Thumb Code    26  usb_core.o(i.Standard_GetDescriptorData)
    Standard_GetInterface                    0x080020cd   Thumb Code    32  usb_core.o(i.Standard_GetInterface)
    Standard_GetStatus                       0x080020f5   Thumb Code   172  usb_core.o(i.Standard_GetStatus)
    Standard_SetConfiguration                0x080021b1   Thumb Code    42  usb_core.o(i.Standard_SetConfiguration)
    Standard_SetDeviceFeature                0x080021e9   Thumb Code    26  usb_core.o(i.Standard_SetDeviceFeature)
    Standard_SetEndPointFeature              0x0800220d   Thumb Code   132  usb_core.o(i.Standard_SetEndPointFeature)
    Standard_SetInterface                    0x080022a1   Thumb Code    64  usb_core.o(i.Standard_SetInterface)
    Suspend                                  0x080022ed   Thumb Code   116  usb_pwr.o(i.Suspend)
    SysTick_CLKSourceConfig                  0x0800236d   Thumb Code    28  misc.o(i.SysTick_CLKSourceConfig)
    SystemInit                               0x08002389   Thumb Code    64  system_stm32f10x.o(i.SystemInit)
    TIM3_Breathing_Init                      0x080023d9   Thumb Code    14  bsp_breathing.o(i.TIM3_Breathing_Init)
    TIM3_IRQHandler                          0x0800241d   Thumb Code    96  stm32f10x_it.o(i.TIM3_IRQHandler)
    TIM6_IRQHandler                          0x08002511   Thumb Code   148  stm32f10x_it.o(i.TIM6_IRQHandler)
    TIM6_WinkLED_Init                        0x080025bd   Thumb Code    20  bsp_led.o(i.TIM6_WinkLED_Init)
    TIM_ARRPreloadConfig                     0x080025d1   Thumb Code    24  stm32f10x_tim.o(i.TIM_ARRPreloadConfig)
    TIM_ClearFlag                            0x080025e9   Thumb Code     6  stm32f10x_tim.o(i.TIM_ClearFlag)
    TIM_ClearITPendingBit                    0x080025ef   Thumb Code     6  stm32f10x_tim.o(i.TIM_ClearITPendingBit)
    TIM_Cmd                                  0x080025f5   Thumb Code    24  stm32f10x_tim.o(i.TIM_Cmd)
    TIM_GetITStatus                          0x0800260d   Thumb Code    24  stm32f10x_tim.o(i.TIM_GetITStatus)
    TIM_ITConfig                             0x08002625   Thumb Code    20  stm32f10x_tim.o(i.TIM_ITConfig)
    TIM_OC3Init                              0x08002639   Thumb Code   124  stm32f10x_tim.o(i.TIM_OC3Init)
    TIM_OC3PreloadConfig                     0x080026bd   Thumb Code    12  stm32f10x_tim.o(i.TIM_OC3PreloadConfig)
    TIM_TimeBaseInit                         0x080026c9   Thumb Code   114  stm32f10x_tim.o(i.TIM_TimeBaseInit)
    Temp_Is_high                             0x08002765   Thumb Code    18  bsp_temp_ctrl.o(i.Temp_Is_high)
    USART1_IRQHandler                        0x08002781   Thumb Code    92  usart.o(i.USART1_IRQHandler)
    USART_Cmd                                0x080027e9   Thumb Code    24  stm32f10x_usart.o(i.USART_Cmd)
    USART_Config                             0x08002801   Thumb Code    56  hw_config.o(i.USART_Config)
    USART_GetITStatus                        0x080028ad   Thumb Code    64  stm32f10x_usart.o(i.USART_GetITStatus)
    USART_ITConfig                           0x080028ed   Thumb Code    54  stm32f10x_usart.o(i.USART_ITConfig)
    USART_Init                               0x08002925   Thumb Code   182  stm32f10x_usart.o(i.USART_Init)
    USART_ReceiveData                        0x080029e1   Thumb Code     8  stm32f10x_usart.o(i.USART_ReceiveData)
    USBWakeUp_IRQHandler                     0x080029e9   Thumb Code     8  hw_config.o(i.USBWakeUp_IRQHandler)
    USB_Cable_Config                         0x080029f1   Thumb Code    16  hw_config.o(i.USB_Cable_Config)
    USB_Init                                 0x08002a31   Thumb Code    22  usb_init.o(i.USB_Init)
    USB_Interrupts_Config                    0x08002a59   Thumb Code    76  hw_config.o(i.USB_Interrupts_Config)
    USB_Istr                                 0x08002aa5   Thumb Code   330  usb_istr.o(i.USB_Istr)
    USB_LP_CAN1_RX0_IRQHandler               0x08002c09   Thumb Code     4  hw_config.o(i.USB_LP_CAN1_RX0_IRQHandler)
    USB_Port_Set                             0x08002c0d   Thumb Code    64  hw_config.o(i.USB_Port_Set)
    USB_SIL_Init                             0x08002c59   Thumb Code    24  usb_sil.o(i.USB_SIL_Init)
    USB_SIL_Read                             0x08002c79   Thumb Code    36  usb_sil.o(i.USB_SIL_Read)
    USB_To_USART_Send_Data                   0x08002c9d   Thumb Code    84  hw_config.o(i.USB_To_USART_Send_Data)
    USB_USART_SendData                       0x08002cf9   Thumb Code    36  hw_config.o(i.USB_USART_SendData)
    UsageFault_Handler                       0x08002d21   Thumb Code     2  stm32f10x_it.o(i.UsageFault_Handler)
    UserToPMABufferCopy                      0x08002d25   Thumb Code    38  usb_mem.o(i.UserToPMABufferCopy)
    Virtual_Com_Port_Data_Setup              0x08002d51   Thumb Code    68  usb_prop.o(i.Virtual_Com_Port_Data_Setup)
    Virtual_Com_Port_GetConfigDescriptor     0x08002da5   Thumb Code     6  usb_prop.o(i.Virtual_Com_Port_GetConfigDescriptor)
    Virtual_Com_Port_GetDeviceDescriptor     0x08002db1   Thumb Code     6  usb_prop.o(i.Virtual_Com_Port_GetDeviceDescriptor)
    Virtual_Com_Port_GetLineCoding           0x08002dbd   Thumb Code    20  usb_prop.o(i.Virtual_Com_Port_GetLineCoding)
    Virtual_Com_Port_GetStringDescriptor     0x08002dd9   Thumb Code    24  usb_prop.o(i.Virtual_Com_Port_GetStringDescriptor)
    Virtual_Com_Port_Get_Interface_Setting   0x08002df9   Thumb Code    20  usb_prop.o(i.Virtual_Com_Port_Get_Interface_Setting)
    Virtual_Com_Port_NoData_Setup            0x08002e0d   Thumb Code    34  usb_prop.o(i.Virtual_Com_Port_NoData_Setup)
    Virtual_Com_Port_Reset                   0x08002e35   Thumb Code   208  usb_prop.o(i.Virtual_Com_Port_Reset)
    Virtual_Com_Port_SetConfiguration        0x08002f15   Thumb Code    16  usb_prop.o(i.Virtual_Com_Port_SetConfiguration)
    Virtual_Com_Port_SetDeviceAddress        0x08002f2d   Thumb Code     8  usb_prop.o(i.Virtual_Com_Port_SetDeviceAddress)
    Virtual_Com_Port_SetLineCoding           0x08002f39   Thumb Code    20  usb_prop.o(i.Virtual_Com_Port_SetLineCoding)
    Virtual_Com_Port_Status_In               0x08002f55   Thumb Code    20  usb_prop.o(i.Virtual_Com_Port_Status_In)
    Virtual_Com_Port_Status_Out              0x08002f6d   Thumb Code     2  usb_prop.o(i.Virtual_Com_Port_Status_Out)
    Virtual_Com_Port_init                    0x08002f71   Thumb Code    28  usb_prop.o(i.Virtual_Com_Port_init)
    WinkLED_Ctrl                             0x08002f95   Thumb Code    62  bsp_led.o(i.WinkLED_Ctrl)
    __0printf                                0x08002fdd   Thumb Code    22  printfa.o(i.__0printf)
    __1printf                                0x08002fdd   Thumb Code     0  printfa.o(i.__0printf)
    __2printf                                0x08002fdd   Thumb Code     0  printfa.o(i.__0printf)
    __c89printf                              0x08002fdd   Thumb Code     0  printfa.o(i.__0printf)
    printf                                   0x08002fdd   Thumb Code     0  printfa.o(i.__0printf)
    __0vsprintf                              0x08002ffd   Thumb Code    30  printfa.o(i.__0vsprintf)
    __1vsprintf                              0x08002ffd   Thumb Code     0  printfa.o(i.__0vsprintf)
    __2vsprintf                              0x08002ffd   Thumb Code     0  printfa.o(i.__0vsprintf)
    __c89vsprintf                            0x08002ffd   Thumb Code     0  printfa.o(i.__0vsprintf)
    vsprintf                                 0x08002ffd   Thumb Code     0  printfa.o(i.__0vsprintf)
    __scatterload_copy                       0x08003021   Thumb Code    14  handlers.o(i.__scatterload_copy)
    __scatterload_null                       0x0800302f   Thumb Code     2  handlers.o(i.__scatterload_null)
    __scatterload_zeroinit                   0x08003031   Thumb Code    14  handlers.o(i.__scatterload_zeroinit)
    decode                                   0x080038d5   Thumb Code   132  bsp_assist.o(i.decode)
    delay_init                               0x08003965   Thumb Code    46  delay.o(i.delay_init)
    delay_ms                                 0x080039a1   Thumb Code    46  delay.o(i.delay_ms)
    delay_us                                 0x080039d5   Thumb Code    46  delay.o(i.delay_us)
    fputc                                    0x08003a09   Thumb Code    18  usart.o(i.fputc)
    main                                     0x08003a21   Thumb Code   106  main.o(i.main)
    uart_init                                0x08003a91   Thumb Code   152  usart.o(i.uart_init)
    usb_printf                               0x08003b31   Thumb Code    52  hw_config.o(i.usb_printf)
    Virtual_Com_Port_DeviceDescriptor        0x08003b68   Data          18  usb_desc.o(.constdata)
    Virtual_Com_Port_ConfigDescriptor        0x08003b7a   Data          67  usb_desc.o(.constdata)
    Virtual_Com_Port_StringLangID            0x08003bbd   Data           4  usb_desc.o(.constdata)
    Virtual_Com_Port_StringVendor            0x08003bc1   Data          38  usb_desc.o(.constdata)
    Virtual_Com_Port_StringProduct           0x08003be7   Data          50  usb_desc.o(.constdata)
    Region$$Table$$Base                      0x08003c1c   Number         0  anon$$obj.o(Region$$Table)
    Region$$Table$$Limit                     0x08003c3c   Number         0  anon$$obj.o(Region$$Table)
    SystemCoreClock                          0x20000000   Data           4  system_stm32f10x.o(.data)
    AHBPrescTable                            0x20000004   Data          16  system_stm32f10x.o(.data)
    WinkLED_Mode                             0x2000002c   Data           2  bsp_led.o(.data)
    LED_Mode                                 0x2000002e   Data           2  bsp_led.o(.data)
    SWJ_LED_Switch                           0x20000030   Data           2  bsp_assist.o(.data)
    SWJ_LED_Mode                             0x20000032   Data           2  bsp_assist.o(.data)
    SWJ_Beep_Switch                          0x20000034   Data           2  bsp_assist.o(.data)
    SWJ_Beep_Mode                            0x20000036   Data           2  bsp_assist.o(.data)
    period_class                             0x20000038   Data           2  bsp_breathing.o(.data)
    BreathLED_Mode                           0x2000003a   Data           2  bsp_breathing.o(.data)
    indexWave                                0x2000003c   Data         220  bsp_breathing.o(.data)
    POINT_NUM                                0x20000118   Data           2  bsp_breathing.o(.data)
    melody_h                                 0x2000011a   Data          16  bsp_beep.o(.data)
    Beep_Mode                                0x2000012a   Data           2  bsp_beep.o(.data)
    MusicA                                   0x2000012c   Data          36  bsp_beep.o(.data)
    Music                                    0x20000150   Data           4  bsp_beep.o(.data)
    tim6_cnt                                 0x20000154   Data           2  bsp_basic_timer.o(.data)
    Now_Temperature                          0x20000158   Data           4  bsp_temp_ctrl.o(.data)
    Alm_Sys_Mode                             0x2000015c   Data           2  bsp_temp_ctrl.o(.data)
    Data_Mul_MaxPacketSize                   0x2000015e   Data           1  usb_core.o(.data)
    StatusInfo                               0x20000160   Data           2  usb_core.o(.data)
    EPindex                                  0x20000162   Data           1  usb_init.o(.data)
    pInformation                             0x20000164   Data           4  usb_init.o(.data)
    pProperty                                0x20000168   Data           4  usb_init.o(.data)
    pUser_Standard_Requests                  0x2000016c   Data           4  usb_init.o(.data)
    wInterrupt_Mask                          0x20000170   Data           2  usb_init.o(.data)
    SaveRState                               0x20000172   Data           2  usb_int.o(.data)
    SaveTState                               0x20000174   Data           2  usb_int.o(.data)
    USB_USART_RX_STA                         0x20000176   Data           2  hw_config.o(.data)
    Virtual_Com_Port_StringSerial            0x20000178   Data          26  usb_desc.o(.data)
    bIntPackSOF                              0x20000198   Data           1  usb_istr.o(.data)
    wIstr                                    0x2000019a   Data           2  usb_istr.o(.data)
    esof_counter                             0x2000019c   Data           4  usb_istr.o(.data)
    wCNTR                                    0x200001a0   Data           4  usb_istr.o(.data)
    pEpInt_IN                                0x200001a4   Data          28  usb_istr.o(.data)
    pEpInt_OUT                               0x200001c0   Data          28  usb_istr.o(.data)
    Request                                  0x200001dc   Data           1  usb_prop.o(.data)
    linecoding                               0x200001e0   Data           8  usb_prop.o(.data)
    Device_Descriptor                        0x200001e8   Data           8  usb_prop.o(.data)
    Config_Descriptor                        0x200001f0   Data           8  usb_prop.o(.data)
    Device_Property                          0x200001f8   Data          48  usb_prop.o(.data)
    String_Descriptor                        0x20000228   Data          32  usb_prop.o(.data)
    Device_Table                             0x20000248   Data           2  usb_prop.o(.data)
    User_Standard_Requests                   0x2000024c   Data          36  usb_prop.o(.data)
    bDeviceState                             0x20000270   Data           4  usb_pwr.o(.data)
    fSuspendEnabled                          0x20000274   Data           1  usb_pwr.o(.data)
    ResumeS                                  0x20000278   Data           2  usb_pwr.o(.data)
    remotewakeupon                           0x2000027c   Data           4  usb_pwr.o(.data)
    USART_RX_STA                             0x20000280   Data           2  usart.o(.data)
    __stdout                                 0x20000284   Data           4  usart.o(.data)
    Device_Info                              0x2000028c   Data          28  usb_init.o(.bss)
    uu_txfifo                                0x200002a8   Data        1028  hw_config.o(.bss)
    USART_PRINTF_Buffer                      0x200006ac   Data         200  hw_config.o(.bss)
    USB_USART_RX_BUF                         0x20000774   Data         200  hw_config.o(.bss)
    USB_Rx_Buffer                            0x2000083c   Data          64  usb_endp.o(.bss)
    EP                                       0x2000087c   Data          32  usb_pwr.o(.bss)
    USART_RX_BUF                             0x2000089c   Data         200  usart.o(.bss)
    __initial_sp                             0x20000d68   Data           0  startup_stm32f10x_hd.o(STACK)



==============================================================================

Memory Map of the image

  Image Entry point : 0x08000131

  Load Region LR_IROM1 (Base: 0x08000000, Size: 0x00003ec8, Max: 0x00080000, ABSOLUTE, COMPRESSED[0x00003db0])

    Execution Region ER_IROM1 (Exec base: 0x08000000, Load base: 0x08000000, Size: 0x00003c3c, Max: 0x00080000, ABSOLUTE)

    Exec Addr    Load Addr    Size         Type   Attr      Idx    E Section Name        Object

    0x08000000   0x08000000   0x00000130   Data   RO          132    RESET               startup_stm32f10x_hd.o
    0x08000130   0x08000130   0x00000000   Code   RO         4803  * .ARM.Collect$$$$00000000  mc_w.l(entry.o)
    0x08000130   0x08000130   0x00000004   Code   RO         5081    .ARM.Collect$$$$00000001  mc_w.l(entry2.o)
    0x08000134   0x08000134   0x00000004   Code   RO         5084    .ARM.Collect$$$$00000004  mc_w.l(entry5.o)
    0x08000138   0x08000138   0x00000000   Code   RO         5086    .ARM.Collect$$$$00000008  mc_w.l(entry7b.o)
    0x08000138   0x08000138   0x00000000   Code   RO         5088    .ARM.Collect$$$$0000000A  mc_w.l(entry8b.o)
    0x08000138   0x08000138   0x00000008   Code   RO         5089    .ARM.Collect$$$$0000000B  mc_w.l(entry9a.o)
    0x08000140   0x08000140   0x00000004   Code   RO         5096    .ARM.Collect$$$$0000000E  mc_w.l(entry12b.o)
    0x08000144   0x08000144   0x00000000   Code   RO         5091    .ARM.Collect$$$$0000000F  mc_w.l(entry10a.o)
    0x08000144   0x08000144   0x00000000   Code   RO         5093    .ARM.Collect$$$$00000011  mc_w.l(entry11a.o)
    0x08000144   0x08000144   0x00000004   Code   RO         5082    .ARM.Collect$$$$00002712  mc_w.l(entry2.o)
    0x08000148   0x08000148   0x00000024   Code   RO          133    .text               startup_stm32f10x_hd.o
    0x0800016c   0x0800016c   0x0000000e   Code   RO         4806    .text               mc_w.l(strlen.o)
    0x0800017a   0x0800017a   0x0000014e   Code   RO         5069    .text               mf_w.l(dadd.o)
    0x080002c8   0x080002c8   0x000000e4   Code   RO         5071    .text               mf_w.l(dmul.o)
    0x080003ac   0x080003ac   0x000000de   Code   RO         5073    .text               mf_w.l(ddiv.o)
    0x0800048a   0x0800048a   0x0000000a   Code   RO         5075    .text               mf_w.l(ffltui.o)
    0x08000494   0x08000494   0x00000026   Code   RO         5077    .text               mf_w.l(f2d.o)
    0x080004ba   0x080004ba   0x00000038   Code   RO         5079    .text               mf_w.l(d2f.o)
    0x080004f2   0x080004f2   0x0000002c   Code   RO         5097    .text               mc_w.l(uidiv.o)
    0x0800051e   0x0800051e   0x00000062   Code   RO         5099    .text               mc_w.l(uldiv.o)
    0x08000580   0x08000580   0x0000001e   Code   RO         5101    .text               mc_w.l(llshl.o)
    0x0800059e   0x0800059e   0x00000024   Code   RO         5103    .text               mc_w.l(llsshr.o)
    0x080005c2   0x080005c2   0x00000000   Code   RO         5105    .text               mc_w.l(iusefp.o)
    0x080005c2   0x080005c2   0x0000006e   Code   RO         5106    .text               mf_w.l(fepilogue.o)
    0x08000630   0x08000630   0x000000ba   Code   RO         5108    .text               mf_w.l(depilogue.o)
    0x080006ea   0x080006ea   0x00000030   Code   RO         5110    .text               mf_w.l(dfixul.o)
    0x0800071a   0x0800071a   0x00000002   PAD
    0x0800071c   0x0800071c   0x00000030   Code   RO         5112    .text               mf_w.l(cdrcmple.o)
    0x0800074c   0x0800074c   0x00000024   Code   RO         5114    .text               mc_w.l(init.o)
    0x08000770   0x08000770   0x00000020   Code   RO         5116    .text               mc_w.l(llushr.o)
    0x08000790   0x08000790   0x00000056   Code   RO         5126    .text               mc_w.l(__dczerorl2.o)
    0x080007e6   0x080007e6   0x00000002   PAD
    0x080007e8   0x080007e8   0x00000024   Code   RO         3492    i.ADC1_GPIO_Config  bsp_adc.o
    0x0800080c   0x0800080c   0x00000090   Code   RO         3493    i.ADC1_Mode_Config  bsp_adc.o
    0x0800089c   0x0800089c   0x00000018   Code   RO          183    i.ADC_Cmd           stm32f10x_adc.o
    0x080008b4   0x080008b4   0x0000000e   Code   RO          191    i.ADC_GetCalibrationStatus  stm32f10x_adc.o
    0x080008c2   0x080008c2   0x00000006   Code   RO          192    i.ADC_GetConversionValue  stm32f10x_adc.o
    0x080008c8   0x080008c8   0x0000000e   Code   RO          194    i.ADC_GetFlagStatus  stm32f10x_adc.o
    0x080008d6   0x080008d6   0x0000000e   Code   RO          197    i.ADC_GetResetCalibrationStatus  stm32f10x_adc.o
    0x080008e4   0x080008e4   0x00000016   Code   RO          200    i.ADC_ITConfig      stm32f10x_adc.o
    0x080008fa   0x080008fa   0x00000002   PAD
    0x080008fc   0x080008fc   0x00000048   Code   RO          201    i.ADC_Init          stm32f10x_adc.o
    0x08000944   0x08000944   0x00000074   Code   RO          205    i.ADC_RegularChannelConfig  stm32f10x_adc.o
    0x080009b8   0x080009b8   0x0000000a   Code   RO          206    i.ADC_ResetCalibration  stm32f10x_adc.o
    0x080009c2   0x080009c2   0x00000018   Code   RO          208    i.ADC_SoftwareStartConvCmd  stm32f10x_adc.o
    0x080009da   0x080009da   0x0000000a   Code   RO          210    i.ADC_StartCalibration  stm32f10x_adc.o
    0x080009e4   0x080009e4   0x00000020   Code   RO          212    i.ADC_TempSensorVrefintCmd  stm32f10x_adc.o
    0x08000a04   0x08000a04   0x0000000e   Code   RO         3494    i.Adc_Init          bsp_adc.o
    0x08000a12   0x08000a12   0x0000001c   Code   RO         3697    i.Alarm_Beep        bsp_temp_ctrl.o
    0x08000a2e   0x08000a2e   0x00000028   Code   RO         3698    i.Alarm_LED         bsp_temp_ctrl.o
    0x08000a56   0x08000a56   0x00000002   PAD
    0x08000a58   0x08000a58   0x000000c4   Code   RO         3536    i.All_Mode_Ctrl     bsp_assist.o
    0x08000b1c   0x08000b1c   0x00000064   Code   RO         3679    i.BASIC_TIM_Init    bsp_basic_timer.o
    0x08000b80   0x08000b80   0x0000000c   Code   RO         3628    i.Beep_Ctrl         bsp_beep.o
    0x08000b8c   0x08000b8c   0x00000038   Code   RO         3629    i.Beep_GPIO_Config  bsp_beep.o
    0x08000bc4   0x08000bc4   0x00000018   Code   RO         3630    i.Beep_Init         bsp_beep.o
    0x08000bdc   0x08000bdc   0x0000000c   Code   RO         3582    i.BreathLED_Ctrl    bsp_breathing.o
    0x08000be8   0x08000be8   0x00000002   Code   RO         3295    i.BusFault_Handler  stm32f10x_it.o
    0x08000bea   0x08000bea   0x0000000a   Code   RO         3981    i.ByteSwap          usb_regs.o
    0x08000bf4   0x08000bf4   0x000001b4   Code   RO         3934    i.CTR_LP            usb_int.o
    0x08000da8   0x08000da8   0x00000028   Code   RO         3982    i.ClearDTOG_RX      usb_regs.o
    0x08000dd0   0x08000dd0   0x00000028   Code   RO         3983    i.ClearDTOG_TX      usb_regs.o
    0x08000df8   0x08000df8   0x00000020   Code   RO         3988    i.Clear_Status_Out  usb_regs.o
    0x08000e18   0x08000e18   0x000000b8   Code   RO         3745    i.DataStageIn       usb_core.o
    0x08000ed0   0x08000ed0   0x000000a0   Code   RO         3746    i.DataStageOut      usb_core.o
    0x08000f70   0x08000f70   0x000001b8   Code   RO         3747    i.Data_Setup0       usb_core.o
    0x08001128   0x08001128   0x00000002   Code   RO         3296    i.DebugMon_Handler  stm32f10x_it.o
    0x0800112a   0x0800112a   0x00000002   PAD
    0x0800112c   0x0800112c   0x0000007c   Code   RO         4508    i.EP1_IN_Callback   usb_endp.o
    0x080011a8   0x080011a8   0x00000020   Code   RO         4509    i.EP3_OUT_Callback  usb_endp.o
    0x080011c8   0x080011c8   0x0000006c   Code   RO         3468    i.EXIT_Key0_Init    bsp_exti.o
    0x08001234   0x08001234   0x00000070   Code   RO         3469    i.EXIT_Key1_Init    bsp_exti.o
    0x080012a4   0x080012a4   0x00000020   Code   RO         3297    i.EXTI0_IRQHandler  stm32f10x_it.o
    0x080012c4   0x080012c4   0x00000044   Code   RO         3298    i.EXTI15_10_IRQHandler  stm32f10x_it.o
    0x08001308   0x08001308   0x0000000c   Code   RO          939    i.EXTI_ClearITPendingBit  stm32f10x_exti.o
    0x08001314   0x08001314   0x00000020   Code   RO          943    i.EXTI_GetITStatus  stm32f10x_exti.o
    0x08001334   0x08001334   0x00000074   Code   RO          944    i.EXTI_Init         stm32f10x_exti.o
    0x080013a8   0x080013a8   0x00000030   Code   RO         4365    i.Enter_LowPowerMode  hw_config.o
    0x080013d8   0x080013d8   0x00000028   Code   RO         1289    i.GPIO_EXTILineConfig  stm32f10x_gpio.o
    0x08001400   0x08001400   0x000000a6   Code   RO         1292    i.GPIO_Init         stm32f10x_gpio.o
    0x080014a6   0x080014a6   0x00000004   Code   RO         1299    i.GPIO_ResetBits    stm32f10x_gpio.o
    0x080014aa   0x080014aa   0x00000004   Code   RO         1300    i.GPIO_SetBits      stm32f10x_gpio.o
    0x080014ae   0x080014ae   0x00000002   PAD
    0x080014b0   0x080014b0   0x00000020   Code   RO         4000    i.GetEPRxAddr       usb_regs.o
    0x080014d0   0x080014d0   0x00000020   Code   RO         4001    i.GetEPRxCount      usb_regs.o
    0x080014f0   0x080014f0   0x0000001c   Code   RO         4003    i.GetEPTxAddr       usb_regs.o
    0x0800150c   0x0800150c   0x00000034   Code   RO         3495    i.Get_ADC           bsp_adc.o
    0x08001540   0x08001540   0x00000022   Code   RO         3496    i.Get_Adc_Average   bsp_adc.o
    0x08001562   0x08001562   0x00000002   PAD
    0x08001564   0x08001564   0x00000038   Code   RO         4366    i.Get_SerialNum     hw_config.o
    0x0800159c   0x0800159c   0x0000005c   Code   RO         3699    i.Get_Temperature   bsp_temp_ctrl.o
    0x080015f8   0x080015f8   0x00000002   Code   RO         3299    i.HardFault_Handler  stm32f10x_it.o
    0x080015fa   0x080015fa   0x00000002   PAD
    0x080015fc   0x080015fc   0x00000060   Code   RO         3748    i.In0_Process       usb_core.o
    0x0800165c   0x0800165c   0x0000003a   Code   RO         4367    i.IntToUnicode      hw_config.o
    0x08001696   0x08001696   0x0000000e   Code   RO         3470    i.Key_Init          bsp_exti.o
    0x080016a4   0x080016a4   0x0000003c   Code   RO         4368    i.Leave_LowPowerMode  hw_config.o
    0x080016e0   0x080016e0   0x00000044   Code   RO         3428    i.Led_Init          bsp_led.o
    0x08001724   0x08001724   0x00000002   Code   RO         3300    i.MemManage_Handler  stm32f10x_it.o
    0x08001726   0x08001726   0x00000002   PAD
    0x08001728   0x08001728   0x00000034   Code   RO         3631    i.Music_Play        bsp_beep.o
    0x0800175c   0x0800175c   0x00000002   Code   RO         3301    i.NMI_Handler       stm32f10x_it.o
    0x0800175e   0x0800175e   0x00000002   Code   RO         3749    i.NOP_Process       usb_core.o
    0x08001760   0x08001760   0x0000002a   Code   RO         3583    i.NVIC_Config_PWM   bsp_breathing.o
    0x0800178a   0x0800178a   0x00000002   PAD
    0x0800178c   0x0800178c   0x00000064   Code   RO          137    i.NVIC_Init         misc.o
    0x080017f0   0x080017f0   0x00000014   Code   RO          138    i.NVIC_PriorityGroupConfig  misc.o
    0x08001804   0x08001804   0x000000e0   Code   RO         3750    i.NoData_Setup0     usb_core.o
    0x080018e4   0x080018e4   0x0000004c   Code   RO         3751    i.Out0_Process      usb_core.o
    0x08001930   0x08001930   0x00000034   Code   RO         3539    i.PD6_GPIO_Config   bsp_assist.o
    0x08001964   0x08001964   0x00000024   Code   RO         3963    i.PMAToUserBufferCopy  usb_mem.o
    0x08001988   0x08001988   0x00000002   Code   RO         3302    i.PendSV_Handler    stm32f10x_it.o
    0x0800198a   0x0800198a   0x00000002   PAD
    0x0800198c   0x0800198c   0x00000044   Code   RO         3632    i.Play_Tone         bsp_beep.o
    0x080019d0   0x080019d0   0x00000040   Code   RO         3752    i.Post0_Process     usb_core.o
    0x08001a10   0x08001a10   0x0000002c   Code   RO         4660    i.PowerOn           usb_pwr.o
    0x08001a3c   0x08001a3c   0x00000014   Code   RO         1706    i.RCC_ADCCLKConfig  stm32f10x_rcc.o
    0x08001a50   0x08001a50   0x0000001c   Code   RO         1708    i.RCC_APB1PeriphClockCmd  stm32f10x_rcc.o
    0x08001a6c   0x08001a6c   0x0000001c   Code   RO         1710    i.RCC_APB2PeriphClockCmd  stm32f10x_rcc.o
    0x08001a88   0x08001a88   0x000000ac   Code   RO         1718    i.RCC_GetClocksFreq  stm32f10x_rcc.o
    0x08001b34   0x08001b34   0x0000000c   Code   RO         1736    i.RCC_USBCLKConfig  stm32f10x_rcc.o
    0x08001b40   0x08001b40   0x0000009c   Code   RO         4661    i.Resume            usb_pwr.o
    0x08001bdc   0x08001bdc   0x00000020   Code   RO         4662    i.Resume_Init       usb_pwr.o
    0x08001bfc   0x08001bfc   0x00000028   Code   RO         4510    i.SOF_Callback      usb_endp.o
    0x08001c24   0x08001c24   0x00000002   Code   RO         3303    i.SVC_Handler       stm32f10x_it.o
    0x08001c26   0x08001c26   0x00000002   PAD
    0x08001c28   0x08001c28   0x00000038   Code   RO         3700    i.Send_Temperature  bsp_temp_ctrl.o
    0x08001c60   0x08001c60   0x00000010   Code   RO         4011    i.SetBTABLE         usb_regs.o
    0x08001c70   0x08001c70   0x00000048   Code   RO         3753    i.SetDeviceAddress  usb_core.o
    0x08001cb8   0x08001cb8   0x00000020   Code   RO         4025    i.SetEPRxAddr       usb_regs.o
    0x08001cd8   0x08001cd8   0x00000044   Code   RO         4026    i.SetEPRxCount      usb_regs.o
    0x08001d1c   0x08001d1c   0x00000030   Code   RO         4027    i.SetEPRxStatus     usb_regs.o
    0x08001d4c   0x08001d4c   0x00000028   Code   RO         4028    i.SetEPRxValid      usb_regs.o
    0x08001d74   0x08001d74   0x00000020   Code   RO         4029    i.SetEPTxAddr       usb_regs.o
    0x08001d94   0x08001d94   0x0000001c   Code   RO         4030    i.SetEPTxCount      usb_regs.o
    0x08001db0   0x08001db0   0x00000030   Code   RO         4031    i.SetEPTxStatus     usb_regs.o
    0x08001de0   0x08001de0   0x00000028   Code   RO         4032    i.SetEPTxValid      usb_regs.o
    0x08001e08   0x08001e08   0x0000001c   Code   RO         4033    i.SetEPType         usb_regs.o
    0x08001e24   0x08001e24   0x00000004   Code   RO           17    i.SetSysClock       system_stm32f10x.o
    0x08001e28   0x08001e28   0x000000b0   Code   RO           18    i.SetSysClockTo72   system_stm32f10x.o
    0x08001ed8   0x08001ed8   0x00000014   Code   RO         4369    i.Set_USBClock      hw_config.o
    0x08001eec   0x08001eec   0x00000088   Code   RO         3754    i.Setup0_Process    usb_core.o
    0x08001f74   0x08001f74   0x00000110   Code   RO         3755    i.Standard_ClearFeature  usb_core.o
    0x08002084   0x08002084   0x00000028   Code   RO         3756    i.Standard_GetConfiguration  usb_core.o
    0x080020ac   0x080020ac   0x00000020   Code   RO         3757    i.Standard_GetDescriptorData  usb_core.o
    0x080020cc   0x080020cc   0x00000028   Code   RO         3758    i.Standard_GetInterface  usb_core.o
    0x080020f4   0x080020f4   0x000000bc   Code   RO         3759    i.Standard_GetStatus  usb_core.o
    0x080021b0   0x080021b0   0x00000038   Code   RO         3760    i.Standard_SetConfiguration  usb_core.o
    0x080021e8   0x080021e8   0x00000024   Code   RO         3761    i.Standard_SetDeviceFeature  usb_core.o
    0x0800220c   0x0800220c   0x00000094   Code   RO         3762    i.Standard_SetEndPointFeature  usb_core.o
    0x080022a0   0x080022a0   0x0000004c   Code   RO         3763    i.Standard_SetInterface  usb_core.o
    0x080022ec   0x080022ec   0x00000080   Code   RO         4663    i.Suspend           usb_pwr.o
    0x0800236c   0x0800236c   0x0000001c   Code   RO          141    i.SysTick_CLKSourceConfig  misc.o
    0x08002388   0x08002388   0x00000050   Code   RO           20    i.SystemInit        system_stm32f10x.o
    0x080023d8   0x080023d8   0x0000000e   Code   RO         3584    i.TIM3_Breathing_Init  bsp_breathing.o
    0x080023e6   0x080023e6   0x00000002   PAD
    0x080023e8   0x080023e8   0x00000034   Code   RO         3585    i.TIM3_GPIO_Config  bsp_breathing.o
    0x0800241c   0x0800241c   0x00000078   Code   RO         3304    i.TIM3_IRQHandler   stm32f10x_it.o
    0x08002494   0x08002494   0x0000007c   Code   RO         3586    i.TIM3_Mode_Config  bsp_breathing.o
    0x08002510   0x08002510   0x000000ac   Code   RO         3305    i.TIM6_IRQHandler   stm32f10x_it.o
    0x080025bc   0x080025bc   0x00000014   Code   RO         3430    i.TIM6_WinkLED_Init  bsp_led.o
    0x080025d0   0x080025d0   0x00000018   Code   RO         2330    i.TIM_ARRPreloadConfig  stm32f10x_tim.o
    0x080025e8   0x080025e8   0x00000006   Code   RO         2336    i.TIM_ClearFlag     stm32f10x_tim.o
    0x080025ee   0x080025ee   0x00000006   Code   RO         2337    i.TIM_ClearITPendingBit  stm32f10x_tim.o
    0x080025f4   0x080025f4   0x00000018   Code   RO         2342    i.TIM_Cmd           stm32f10x_tim.o
    0x0800260c   0x0800260c   0x00000018   Code   RO         2363    i.TIM_GetITStatus   stm32f10x_tim.o
    0x08002624   0x08002624   0x00000014   Code   RO         2367    i.TIM_ITConfig      stm32f10x_tim.o
    0x08002638   0x08002638   0x00000084   Code   RO         2381    i.TIM_OC3Init       stm32f10x_tim.o
    0x080026bc   0x080026bc   0x0000000c   Code   RO         2384    i.TIM_OC3PreloadConfig  stm32f10x_tim.o
    0x080026c8   0x080026c8   0x0000009c   Code   RO         2413    i.TIM_TimeBaseInit  stm32f10x_tim.o
    0x08002764   0x08002764   0x0000001c   Code   RO         3701    i.Temp_Is_high      bsp_temp_ctrl.o
    0x08002780   0x08002780   0x00000068   Code   RO         4704    i.USART1_IRQHandler  usart.o
    0x080027e8   0x080027e8   0x00000018   Code   RO         2878    i.USART_Cmd         stm32f10x_usart.o
    0x08002800   0x08002800   0x000000ac   Code   RO         4370    i.USART_Config      hw_config.o
    0x080028ac   0x080028ac   0x00000040   Code   RO         2882    i.USART_GetITStatus  stm32f10x_usart.o
    0x080028ec   0x080028ec   0x00000036   Code   RO         2884    i.USART_ITConfig    stm32f10x_usart.o
    0x08002922   0x08002922   0x00000002   PAD
    0x08002924   0x08002924   0x000000bc   Code   RO         2885    i.USART_Init        stm32f10x_usart.o
    0x080029e0   0x080029e0   0x00000008   Code   RO         2892    i.USART_ReceiveData  stm32f10x_usart.o
    0x080029e8   0x080029e8   0x00000008   Code   RO         4371    i.USBWakeUp_IRQHandler  hw_config.o
    0x080029f0   0x080029f0   0x00000040   Code   RO         4372    i.USB_Cable_Config  hw_config.o
    0x08002a30   0x08002a30   0x00000028   Code   RO         3907    i.USB_Init          usb_init.o
    0x08002a58   0x08002a58   0x0000004c   Code   RO         4373    i.USB_Interrupts_Config  hw_config.o
    0x08002aa4   0x08002aa4   0x00000164   Code   RO         4536    i.USB_Istr          usb_istr.o
    0x08002c08   0x08002c08   0x00000004   Code   RO         4374    i.USB_LP_CAN1_RX0_IRQHandler  hw_config.o
    0x08002c0c   0x08002c0c   0x0000004c   Code   RO         4375    i.USB_Port_Set      hw_config.o
    0x08002c58   0x08002c58   0x00000020   Code   RO         4341    i.USB_SIL_Init      usb_sil.o
    0x08002c78   0x08002c78   0x00000024   Code   RO         4342    i.USB_SIL_Read      usb_sil.o
    0x08002c9c   0x08002c9c   0x0000005c   Code   RO         4376    i.USB_To_USART_Send_Data  hw_config.o
    0x08002cf8   0x08002cf8   0x00000028   Code   RO         4377    i.USB_USART_SendData  hw_config.o
    0x08002d20   0x08002d20   0x00000002   Code   RO         3306    i.UsageFault_Handler  stm32f10x_it.o
    0x08002d22   0x08002d22   0x00000002   PAD
    0x08002d24   0x08002d24   0x0000002c   Code   RO         3964    i.UserToPMABufferCopy  usb_mem.o
    0x08002d50   0x08002d50   0x00000054   Code   RO         4556    i.Virtual_Com_Port_Data_Setup  usb_prop.o
    0x08002da4   0x08002da4   0x0000000c   Code   RO         4557    i.Virtual_Com_Port_GetConfigDescriptor  usb_prop.o
    0x08002db0   0x08002db0   0x0000000c   Code   RO         4558    i.Virtual_Com_Port_GetDeviceDescriptor  usb_prop.o
    0x08002dbc   0x08002dbc   0x0000001c   Code   RO         4559    i.Virtual_Com_Port_GetLineCoding  usb_prop.o
    0x08002dd8   0x08002dd8   0x00000020   Code   RO         4560    i.Virtual_Com_Port_GetStringDescriptor  usb_prop.o
    0x08002df8   0x08002df8   0x00000014   Code   RO         4561    i.Virtual_Com_Port_Get_Interface_Setting  usb_prop.o
    0x08002e0c   0x08002e0c   0x00000028   Code   RO         4562    i.Virtual_Com_Port_NoData_Setup  usb_prop.o
    0x08002e34   0x08002e34   0x000000e0   Code   RO         4563    i.Virtual_Com_Port_Reset  usb_prop.o
    0x08002f14   0x08002f14   0x00000018   Code   RO         4564    i.Virtual_Com_Port_SetConfiguration  usb_prop.o
    0x08002f2c   0x08002f2c   0x0000000c   Code   RO         4565    i.Virtual_Com_Port_SetDeviceAddress  usb_prop.o
    0x08002f38   0x08002f38   0x0000001c   Code   RO         4566    i.Virtual_Com_Port_SetLineCoding  usb_prop.o
    0x08002f54   0x08002f54   0x00000018   Code   RO         4567    i.Virtual_Com_Port_Status_In  usb_prop.o
    0x08002f6c   0x08002f6c   0x00000002   Code   RO         4568    i.Virtual_Com_Port_Status_Out  usb_prop.o
    0x08002f6e   0x08002f6e   0x00000002   PAD
    0x08002f70   0x08002f70   0x00000024   Code   RO         4569    i.Virtual_Com_Port_init  usb_prop.o
    0x08002f94   0x08002f94   0x00000048   Code   RO         3431    i.WinkLED_Ctrl      bsp_led.o
    0x08002fdc   0x08002fdc   0x00000020   Code   RO         5041    i.__0printf         mc_w.l(printfa.o)
    0x08002ffc   0x08002ffc   0x00000024   Code   RO         5047    i.__0vsprintf       mc_w.l(printfa.o)
    0x08003020   0x08003020   0x0000000e   Code   RO         5120    i.__scatterload_copy  mc_w.l(handlers.o)
    0x0800302e   0x0800302e   0x00000002   Code   RO         5121    i.__scatterload_null  mc_w.l(handlers.o)
    0x08003030   0x08003030   0x0000000e   Code   RO         5122    i.__scatterload_zeroinit  mc_w.l(handlers.o)
    0x0800303e   0x0800303e   0x00000002   PAD
    0x08003040   0x08003040   0x00000184   Code   RO         5048    i._fp_digits        mc_w.l(printfa.o)
    0x080031c4   0x080031c4   0x000006b4   Code   RO         5049    i._printf_core      mc_w.l(printfa.o)
    0x08003878   0x08003878   0x00000024   Code   RO         5050    i._printf_post_padding  mc_w.l(printfa.o)
    0x0800389c   0x0800389c   0x0000002e   Code   RO         5051    i._printf_pre_padding  mc_w.l(printfa.o)
    0x080038ca   0x080038ca   0x0000000a   Code   RO         5053    i._sputc            mc_w.l(printfa.o)
    0x080038d4   0x080038d4   0x00000090   Code   RO         3540    i.decode            bsp_assist.o
    0x08003964   0x08003964   0x0000003c   Code   RO         4774    i.delay_init        delay.o
    0x080039a0   0x080039a0   0x00000034   Code   RO         4775    i.delay_ms          delay.o
    0x080039d4   0x080039d4   0x00000034   Code   RO         4776    i.delay_us          delay.o
    0x08003a08   0x08003a08   0x00000018   Code   RO         4706    i.fputc             usart.o
    0x08003a20   0x08003a20   0x00000070   Code   RO         3108    i.main              main.o
    0x08003a90   0x08003a90   0x000000a0   Code   RO         4707    i.uart_init         usart.o
    0x08003b30   0x08003b30   0x00000038   Code   RO         4378    i.usb_printf        hw_config.o
    0x08003b68   0x08003b68   0x00000012   Data   RO         4491    .constdata          usb_desc.o
    0x08003b7a   0x08003b7a   0x00000043   Data   RO         4492    .constdata          usb_desc.o
    0x08003bbd   0x08003bbd   0x00000004   Data   RO         4493    .constdata          usb_desc.o
    0x08003bc1   0x08003bc1   0x00000026   Data   RO         4494    .constdata          usb_desc.o
    0x08003be7   0x08003be7   0x00000032   Data   RO         4495    .constdata          usb_desc.o
    0x08003c19   0x08003c19   0x00000003   PAD
    0x08003c1c   0x08003c1c   0x00000020   Data   RO         5118    Region$$Table       anon$$obj.o


    Execution Region RW_IRAM1 (Exec base: 0x20000000, Load base: 0x08003c3c, Size: 0x00000d68, Max: 0x00010000, ABSOLUTE, COMPRESSED[0x00000174])

    Exec Addr    Load Addr    Size         Type   Attr      Idx    E Section Name        Object

    0x20000000   COMPRESSED   0x00000014   Data   RW           21    .data               system_stm32f10x.o
    0x20000014   COMPRESSED   0x00000014   Data   RW         1738    .data               stm32f10x_rcc.o
    0x20000028   COMPRESSED   0x00000004   Data   RW         3307    .data               stm32f10x_it.o
    0x2000002c   COMPRESSED   0x00000004   Data   RW         3432    .data               bsp_led.o
    0x20000030   COMPRESSED   0x00000008   Data   RW         3541    .data               bsp_assist.o
    0x20000038   COMPRESSED   0x00000002   Data   RW         3587    .data               bsp_breathing.o
    0x2000003a   COMPRESSED   0x00000002   Data   RW         3588    .data               bsp_breathing.o
    0x2000003c   COMPRESSED   0x000000dc   Data   RW         3589    .data               bsp_breathing.o
    0x20000118   COMPRESSED   0x00000002   Data   RW         3590    .data               bsp_breathing.o
    0x2000011a   COMPRESSED   0x00000010   Data   RW         3634    .data               bsp_beep.o
    0x2000012a   COMPRESSED   0x00000002   Data   RW         3636    .data               bsp_beep.o
    0x2000012c   COMPRESSED   0x00000024   Data   RW         3637    .data               bsp_beep.o
    0x20000150   COMPRESSED   0x00000004   Data   RW         3638    .data               bsp_beep.o
    0x20000154   COMPRESSED   0x00000002   Data   RW         3680    .data               bsp_basic_timer.o
    0x20000156   COMPRESSED   0x00000002   PAD
    0x20000158   COMPRESSED   0x00000004   Data   RW         3702    .data               bsp_temp_ctrl.o
    0x2000015c   COMPRESSED   0x00000002   Data   RW         3703    .data               bsp_temp_ctrl.o
    0x2000015e   COMPRESSED   0x00000004   Data   RW         3764    .data               usb_core.o
    0x20000162   COMPRESSED   0x00000001   Data   RW         3909    .data               usb_init.o
    0x20000163   COMPRESSED   0x00000001   PAD
    0x20000164   COMPRESSED   0x0000000c   Data   RW         3910    .data               usb_init.o
    0x20000170   COMPRESSED   0x00000002   Data   RW         3912    .data               usb_init.o
    0x20000172   COMPRESSED   0x00000004   Data   RW         3935    .data               usb_int.o
    0x20000176   COMPRESSED   0x00000002   Data   RW         4380    .data               hw_config.o
    0x20000178   COMPRESSED   0x0000001a   Data   RW         4496    .data               usb_desc.o
    0x20000192   COMPRESSED   0x00000002   PAD
    0x20000194   COMPRESSED   0x00000004   Data   RW         4512    .data               usb_endp.o
    0x20000198   COMPRESSED   0x0000000c   Data   RW         4537    .data               usb_istr.o
    0x200001a4   COMPRESSED   0x0000001c   Data   RW         4538    .data               usb_istr.o
    0x200001c0   COMPRESSED   0x0000001c   Data   RW         4539    .data               usb_istr.o
    0x200001dc   COMPRESSED   0x0000006c   Data   RW         4570    .data               usb_prop.o
    0x20000248   COMPRESSED   0x00000002   Data   RW         4571    .data               usb_prop.o
    0x2000024a   COMPRESSED   0x00000002   PAD
    0x2000024c   COMPRESSED   0x00000024   Data   RW         4572    .data               usb_prop.o
    0x20000270   COMPRESSED   0x00000004   Data   RW         4665    .data               usb_pwr.o
    0x20000274   COMPRESSED   0x00000001   Data   RW         4666    .data               usb_pwr.o
    0x20000275   COMPRESSED   0x00000003   PAD
    0x20000278   COMPRESSED   0x00000008   Data   RW         4667    .data               usb_pwr.o
    0x20000280   COMPRESSED   0x00000002   Data   RW         4709    .data               usart.o
    0x20000282   COMPRESSED   0x00000002   PAD
    0x20000284   COMPRESSED   0x00000004   Data   RW         4710    .data               usart.o
    0x20000288   COMPRESSED   0x00000004   Data   RW         4777    .data               delay.o
    0x2000028c        -       0x0000001c   Zero   RW         3908    .bss                usb_init.o
    0x200002a8        -       0x00000594   Zero   RW         4379    .bss                hw_config.o
    0x2000083c        -       0x00000040   Zero   RW         4511    .bss                usb_endp.o
    0x2000087c        -       0x00000020   Zero   RW         4664    .bss                usb_pwr.o
    0x2000089c        -       0x000000c8   Zero   RW         4708    .bss                usart.o
    0x20000964   COMPRESSED   0x00000004   PAD
    0x20000968        -       0x00000400   Zero   RW          130    STACK               startup_stm32f10x_hd.o


==============================================================================

Image component sizes


      Code (inc. data)   RO Data    RW Data    ZI Data      Debug   Object Name

       280         16          0          0          0       2559   bsp_adc.o
       392         36          0          8          0       2219   bsp_assist.o
       100          6          0          2          0        888   bsp_basic_timer.o
       212         28          0         58          0       3352   bsp_beep.o
       244         18          0        226          0       3265   bsp_breathing.o
       234         10          0          0          0       1609   bsp_exti.o
       160         14          0          4          0       1742   bsp_led.o
       244         60          0          6          0       2964   bsp_temp_ctrl.o
         0          0          0          0          0       4572   core_cm3.o
       164         26          0          4          0       1651   delay.o
       830        266          0          2       1428      10947   hw_config.o
       112          6          0          0          0     246999   main.o
       148         14          0          0          0       2381   misc.o
        36          8        304          0       1024        816   startup_stm32f10x_hd.o
       358         16          0          0          0      10011   stm32f10x_adc.o
       160         16          0          0          0       2508   stm32f10x_exti.o
       214          6          0          0          0       4010   stm32f10x_gpio.o
       408         74          0          4          0       5462   stm32f10x_it.o
       260         42          0         20          0       5980   stm32f10x_rcc.o
       404         50          0          0          0       6686   stm32f10x_tim.o
       338          6          0          0          0       5622   stm32f10x_usart.o
       260         26          0         20          0     263633   system_stm32f10x.o
       288         26          0          6        200       3764   usart.o
      2342        280          0          4          0      19103   usb_core.o
         0          0        177         26          0       1227   usb_desc.o
       196         20          0          4         64       2500   usb_endp.o
        40         18          0         15         28       4306   usb_init.o
       436         28          0          4          0       2000   usb_int.o
       356         26          0         68          0       1863   usb_istr.o
        80         12          0          0          0       2100   usb_mem.o
       578         98          0        146          0      11801   usb_prop.o
       360         42          0         13         32       4016   usb_pwr.o
       594         98          0          0          0      10183   usb_regs.o
        68          8          0          0          0       1670   usb_sil.o

    ----------------------------------------------------------------------
     10924       1400        516        652       2780     654409   Object Totals
         0          0         32          0          0          0   (incl. Generated)
        28          0          3         12          4          0   (incl. Padding)

    ----------------------------------------------------------------------

      Code (inc. data)   RO Data    RW Data    ZI Data      Debug   Library Member Name

        86          0          0          0          0          0   __dczerorl2.o
         0          0          0          0          0          0   entry.o
         0          0          0          0          0          0   entry10a.o
         0          0          0          0          0          0   entry11a.o
         4          0          0          0          0          0   entry12b.o
         8          4          0          0          0          0   entry2.o
         4          0          0          0          0          0   entry5.o
         0          0          0          0          0          0   entry7b.o
         0          0          0          0          0          0   entry8b.o
         8          4          0          0          0          0   entry9a.o
        30          0          0          0          0          0   handlers.o
        36          8          0          0          0         68   init.o
         0          0          0          0          0          0   iusefp.o
        30          0          0          0          0         68   llshl.o
        36          0          0          0          0         68   llsshr.o
        32          0          0          0          0         68   llushr.o
      2264         96          0          0          0        612   printfa.o
        14          0          0          0          0         68   strlen.o
        44          0          0          0          0         80   uidiv.o
        98          0          0          0          0         92   uldiv.o
        48          0          0          0          0         68   cdrcmple.o
        56          0          0          0          0         88   d2f.o
       334          0          0          0          0        148   dadd.o
       222          0          0          0          0        100   ddiv.o
       186          0          0          0          0        176   depilogue.o
        48          0          0          0          0         68   dfixul.o
       228          0          0          0          0         96   dmul.o
        38          0          0          0          0         68   f2d.o
       110          0          0          0          0        168   fepilogue.o
        10          0          0          0          0         68   ffltui.o

    ----------------------------------------------------------------------
      3980        112          0          0          0       2172   Library Totals
         6          0          0          0          0          0   (incl. Padding)

    ----------------------------------------------------------------------

      Code (inc. data)   RO Data    RW Data    ZI Data      Debug   Library Name

      2694        112          0          0          0       1124   mc_w.l
      1280          0          0          0          0       1048   mf_w.l

    ----------------------------------------------------------------------
      3980        112          0          0          0       2172   Library Totals

    ----------------------------------------------------------------------

==============================================================================


      Code (inc. data)   RO Data    RW Data    ZI Data      Debug   

     14904       1512        516        652       2780     647037   Grand Totals
     14904       1512        516        372       2780     647037   ELF Image Totals (compressed)
     14904       1512        516        372          0          0   ROM Totals

==============================================================================

    Total RO  Size (Code + RO Data)                15420 (  15.06kB)
    Total RW  Size (RW Data + ZI Data)              3432 (   3.35kB)
    Total ROM Size (Code + RO Data + RW Data)      15792 (  15.42kB)

==============================================================================

